============================================
Emotion Recognition Pipeline
============================================
Job ID    : 6122182
Node      : uc2n905
Start time: Mon Aug  3 11:47:15 AM CEST 2026

Loading modules...
CUDA Home : /opt/bwhpc/common/devel/cuda/12.8
Python    : /opt/bwhpc/common/devel/python/3.13.3_llvm_19.1/bin/python

Setting up project environment...
Python isolation enforced:
  PYTHONNOUSERSITE=1
  VIRTUAL_ENV=/home/tu/tu_tu/tu_zxord71/asp-project/.venv
  Python used: /home/tu/tu_tu/tu_zxord71/asp-project/.venv/bin/python

GPU info:
0, NVIDIA A100 80GB PCIe, 81920 MiB, 81127 MiB
1, NVIDIA A100 80GB PCIe, 81920 MiB, 81127 MiB
2, NVIDIA A100 80GB PCIe, 81920 MiB, 81127 MiB
3, NVIDIA A100 80GB PCIe, 81920 MiB, 81127 MiB

============================================
Stage 1: Optuna HPO (1 GPU, 20 trials each)
============================================

======================================================================
Emotion Recognition Pipeline  [Stage 1 — HPO only]
======================================================================
Device    : cuda  (1 GPU(s))
Models    : ['wav2vec2-base', 'hubert-xlarge', 'wavlm-large', 'distilhubert', 'hubert-base', 'wavlm-base', 'wav2vec2-large']
Datasets  : ['ravdess', 'emodb', 'cameo']
HPO trials: 20  |  Seed: 42
Output    : /home/tu/tu_tu/tu_zxord71/asp-project/outputs
======================================================================

[1/21] SKIP HPO for wav2vec2-base_ravdess  (best_hyperparameters.json exists)

[2/21] SKIP HPO for wav2vec2-base_emodb  (best_hyperparameters.json exists)

======================================================================
[3/21]  wav2vec2-base_cameo
  Model  : facebook/wav2vec2-base
  Dataset: amu-cai/CAMEO
  Output : /home/tu/tu_tu/tu_zxord71/asp-project/outputs/wav2vec2-base_cameo

  Loading: amu-cai/CAMEO
  Multiple splits found (['crema_d', 'cafe', 'emns', 'emozionalmente', 'enterface', 'jl_corpus', 'mesd', 'nemo', 'oreau', 'pavoque', 'ravdess', 'resd', 'subesco']) — concatenating into one.
  Label col : emotion
  Samples   : 41,265  |  Classes: 17
    anger: 5961
    anxiety: 240
    apology: 240
    assertiveness: 240
    calm: 192
    concern: 240
    disgust: 4368
    encouragement: 240
    enthusiasm: 198
    excitement: 395
    fear: 4977
    happiness: 5965
    neutral: 7970
    poker: 575
    sadness: 5896
    sarcasm: 142
    surprise: 3426
  Filtered to core emotions: 41,265 -> 38,563 samples (2,702 dropped)
  Classes   : ['anger', 'disgust', 'fear', 'happiness', 'neutral', 'sadness', 'surprise']
  Feature extractor : Wav2Vec2FeatureExtractor  (sr=16000)

ERROR in wav2vec2-base_cameo:
Traceback (most recent call last):
  File "/home/tu/tu_tu/tu_zxord71/asp-project/experiments/run_all.py", line 339, in main
    metrics = run_experiment(
              ^^^^^^^^^^^^^^^
  File "/home/tu/tu_tu/tu_zxord71/asp-project/experiments/run_all.py", line 122, in run_experiment
    full_ds = featurise_split(
              ^^^^^^^^^^^^^^^^
  File "/home/tu/tu_tu/tu_zxord71/asp-project/experiments/pipeline/data.py", line 277, in featurise_split
    d = raw_split.map(fn, batched=True, num_proc=1, remove_columns=raw_split.column_names, desc=desc)
        ^^^^^^^^^^^^^^^^^^^^^^^^^^^^^^^^^^^^^^^^^^^^^^^^^^^^^^^^^^^^^^^^^^^^^^^^^^^^^^^^^^^^^^^^^^^^^
  File "/home/tu/tu_tu/tu_zxord71/asp-project/.venv/lib64/python3.11/site-packages/datasets/arrow_dataset.py", line 576, in wrapper
    out: Union["Dataset", "DatasetDict"] = func(self, *args, **kwargs)
                                           ^^^^^^^^^^^^^^^^^^^^^^^^^^^
  File "/home/tu/tu_tu/tu_zxord71/asp-project/.venv/lib64/python3.11/site-packages/datasets/arrow_dataset.py", line 3624, in map
    for rank, done, content in iflatmap_unordered(
  File "/home/tu/tu_tu/tu_zxord71/asp-project/.venv/lib64/python3.11/site-packages/datasets/utils/py_utils.py", line 617, in iflatmap_unordered
    raise RuntimeError(
RuntimeError: One of the subprocesses has abruptly died during map operation.To debug the error, disable multiprocessing.


[4/21] SKIP HPO for hubert-xlarge_ravdess  (best_hyperparameters.json exists)

[5/21] SKIP HPO for hubert-xlarge_emodb  (best_hyperparameters.json exists)

======================================================================
[6/21]  hubert-xlarge_cameo
  Model  : facebook/hubert-xlarge-ls960-ft
  Dataset: amu-cai/CAMEO
  Output : /home/tu/tu_tu/tu_zxord71/asp-project/outputs/hubert-xlarge_cameo

  Loading: amu-cai/CAMEO
  Multiple splits found (['crema_d', 'cafe', 'emns', 'emozionalmente', 'enterface', 'jl_corpus', 'mesd', 'nemo', 'oreau', 'pavoque', 'ravdess', 'resd', 'subesco']) — concatenating into one.
  Label col : emotion
  Samples   : 41,265  |  Classes: 17
    anger: 5961
    anxiety: 240
    apology: 240
    assertiveness: 240
    calm: 192
    concern: 240
    disgust: 4368
    encouragement: 240
    enthusiasm: 198
    excitement: 395
    fear: 4977
    happiness: 5965
    neutral: 7970
    poker: 575
    sadness: 5896
    sarcasm: 142
    surprise: 3426
  Filtered to core emotions: 41,265 -> 38,563 samples (2,702 dropped)
  Classes   : ['anger', 'disgust', 'fear', 'happiness', 'neutral', 'sadness', 'surprise']
  Feature extractor : Wav2Vec2FeatureExtractor  (sr=16000)

ERROR in hubert-xlarge_cameo:
Traceback (most recent call last):
  File "/home/tu/tu_tu/tu_zxord71/asp-project/experiments/run_all.py", line 339, in main
    metrics = run_experiment(
              ^^^^^^^^^^^^^^^
  File "/home/tu/tu_tu/tu_zxord71/asp-project/experiments/run_all.py", line 122, in run_experiment
    full_ds = featurise_split(
              ^^^^^^^^^^^^^^^^
  File "/home/tu/tu_tu/tu_zxord71/asp-project/experiments/pipeline/data.py", line 277, in featurise_split
    d = raw_split.map(fn, batched=True, num_proc=1, remove_columns=raw_split.column_names, desc=desc)
        ^^^^^^^^^^^^^^^^^^^^^^^^^^^^^^^^^^^^^^^^^^^^^^^^^^^^^^^^^^^^^^^^^^^^^^^^^^^^^^^^^^^^^^^^^^^^^
  File "/home/tu/tu_tu/tu_zxord71/asp-project/.venv/lib64/python3.11/site-packages/datasets/arrow_dataset.py", line 576, in wrapper
    out: Union["Dataset", "DatasetDict"] = func(self, *args, **kwargs)
                                           ^^^^^^^^^^^^^^^^^^^^^^^^^^^
  File "/home/tu/tu_tu/tu_zxord71/asp-project/.venv/lib64/python3.11/site-packages/datasets/arrow_dataset.py", line 3624, in map
    for rank, done, content in iflatmap_unordered(
  File "/home/tu/tu_tu/tu_zxord71/asp-project/.venv/lib64/python3.11/site-packages/datasets/utils/py_utils.py", line 617, in iflatmap_unordered
    raise RuntimeError(
RuntimeError: One of the subprocesses has abruptly died during map operation.To debug the error, disable multiprocessing.


[7/21] SKIP HPO for wavlm-large_ravdess  (best_hyperparameters.json exists)

[8/21] SKIP HPO for wavlm-large_emodb  (best_hyperparameters.json exists)

======================================================================
[9/21]  wavlm-large_cameo
  Model  : microsoft/wavlm-large
  Dataset: amu-cai/CAMEO
  Output : /home/tu/tu_tu/tu_zxord71/asp-project/outputs/wavlm-large_cameo

  Loading: amu-cai/CAMEO
  Multiple splits found (['crema_d', 'cafe', 'emns', 'emozionalmente', 'enterface', 'jl_corpus', 'mesd', 'nemo', 'oreau', 'pavoque', 'ravdess', 'resd', 'subesco']) — concatenating into one.
  Label col : emotion
  Samples   : 41,265  |  Classes: 17
    anger: 5961
    anxiety: 240
    apology: 240
    assertiveness: 240
    calm: 192
    concern: 240
    disgust: 4368
    encouragement: 240
    enthusiasm: 198
    excitement: 395
    fear: 4977
    happiness: 5965
    neutral: 7970
    poker: 575
    sadness: 5896
    sarcasm: 142
    surprise: 3426
  Filtered to core emotions: 41,265 -> 38,563 samples (2,702 dropped)
  Classes   : ['anger', 'disgust', 'fear', 'happiness', 'neutral', 'sadness', 'surprise']
  Feature extractor : Wav2Vec2FeatureExtractor  (sr=16000)

ERROR in wavlm-large_cameo:
Traceback (most recent call last):
  File "/home/tu/tu_tu/tu_zxord71/asp-project/experiments/run_all.py", line 339, in main
    metrics = run_experiment(
              ^^^^^^^^^^^^^^^
  File "/home/tu/tu_tu/tu_zxord71/asp-project/experiments/run_all.py", line 122, in run_experiment
    full_ds = featurise_split(
              ^^^^^^^^^^^^^^^^
  File "/home/tu/tu_tu/tu_zxord71/asp-project/experiments/pipeline/data.py", line 277, in featurise_split
    d = raw_split.map(fn, batched=True, num_proc=1, remove_columns=raw_split.column_names, desc=desc)
        ^^^^^^^^^^^^^^^^^^^^^^^^^^^^^^^^^^^^^^^^^^^^^^^^^^^^^^^^^^^^^^^^^^^^^^^^^^^^^^^^^^^^^^^^^^^^^
  File "/home/tu/tu_tu/tu_zxord71/asp-project/.venv/lib64/python3.11/site-packages/datasets/arrow_dataset.py", line 576, in wrapper
    out: Union["Dataset", "DatasetDict"] = func(self, *args, **kwargs)
                                           ^^^^^^^^^^^^^^^^^^^^^^^^^^^
  File "/home/tu/tu_tu/tu_zxord71/asp-project/.venv/lib64/python3.11/site-packages/datasets/arrow_dataset.py", line 3624, in map
    for rank, done, content in iflatmap_unordered(
  File "/home/tu/tu_tu/tu_zxord71/asp-project/.venv/lib64/python3.11/site-packages/datasets/utils/py_utils.py", line 617, in iflatmap_unordered
    raise RuntimeError(
RuntimeError: One of the subprocesses has abruptly died during map operation.To debug the error, disable multiprocessing.


[10/21] SKIP HPO for distilhubert_ravdess  (best_hyperparameters.json exists)

[11/21] SKIP HPO for distilhubert_emodb  (best_hyperparameters.json exists)

======================================================================
[12/21]  distilhubert_cameo
  Model  : ntu-spml/distilhubert
  Dataset: amu-cai/CAMEO
  Output : /home/tu/tu_tu/tu_zxord71/asp-project/outputs/distilhubert_cameo

  Loading: amu-cai/CAMEO
  Multiple splits found (['crema_d', 'cafe', 'emns', 'emozionalmente', 'enterface', 'jl_corpus', 'mesd', 'nemo', 'oreau', 'pavoque', 'ravdess', 'resd', 'subesco']) — concatenating into one.
  Label col : emotion
  Samples   : 41,265  |  Classes: 17
    anger: 5961
    anxiety: 240
    apology: 240
    assertiveness: 240
    calm: 192
    concern: 240
    disgust: 4368
    encouragement: 240
    enthusiasm: 198
    excitement: 395
    fear: 4977
    happiness: 5965
    neutral: 7970
    poker: 575
    sadness: 5896
    sarcasm: 142
    surprise: 3426
  Filtered to core emotions: 41,265 -> 38,563 samples (2,702 dropped)
  Classes   : ['anger', 'disgust', 'fear', 'happiness', 'neutral', 'sadness', 'surprise']
  Feature extractor : Wav2Vec2FeatureExtractor  (sr=16000)

ERROR in distilhubert_cameo:
Traceback (most recent call last):
  File "/home/tu/tu_tu/tu_zxord71/asp-project/experiments/run_all.py", line 339, in main
    metrics = run_experiment(
              ^^^^^^^^^^^^^^^
  File "/home/tu/tu_tu/tu_zxord71/asp-project/experiments/run_all.py", line 122, in run_experiment
    full_ds = featurise_split(
              ^^^^^^^^^^^^^^^^
  File "/home/tu/tu_tu/tu_zxord71/asp-project/experiments/pipeline/data.py", line 277, in featurise_split
    d = raw_split.map(fn, batched=True, num_proc=1, remove_columns=raw_split.column_names, desc=desc)
        ^^^^^^^^^^^^^^^^^^^^^^^^^^^^^^^^^^^^^^^^^^^^^^^^^^^^^^^^^^^^^^^^^^^^^^^^^^^^^^^^^^^^^^^^^^^^^
  File "/home/tu/tu_tu/tu_zxord71/asp-project/.venv/lib64/python3.11/site-packages/datasets/arrow_dataset.py", line 576, in wrapper
    out: Union["Dataset", "DatasetDict"] = func(self, *args, **kwargs)
                                           ^^^^^^^^^^^^^^^^^^^^^^^^^^^
  File "/home/tu/tu_tu/tu_zxord71/asp-project/.venv/lib64/python3.11/site-packages/datasets/arrow_dataset.py", line 3624, in map
    for rank, done, content in iflatmap_unordered(
  File "/home/tu/tu_tu/tu_zxord71/asp-project/.venv/lib64/python3.11/site-packages/datasets/utils/py_utils.py", line 617, in iflatmap_unordered
    raise RuntimeError(
RuntimeError: One of the subprocesses has abruptly died during map operation.To debug the error, disable multiprocessing.


[13/21] SKIP HPO for hubert-base_ravdess  (best_hyperparameters.json exists)

[14/21] SKIP HPO for hubert-base_emodb  (best_hyperparameters.json exists)

======================================================================
[15/21]  hubert-base_cameo
  Model  : facebook/hubert-base-ls960
  Dataset: amu-cai/CAMEO
  Output : /home/tu/tu_tu/tu_zxord71/asp-project/outputs/hubert-base_cameo

  Loading: amu-cai/CAMEO
  Multiple splits found (['crema_d', 'cafe', 'emns', 'emozionalmente', 'enterface', 'jl_corpus', 'mesd', 'nemo', 'oreau', 'pavoque', 'ravdess', 'resd', 'subesco']) — concatenating into one.
  Label col : emotion
  Samples   : 41,265  |  Classes: 17
    anger: 5961
    anxiety: 240
    apology: 240
    assertiveness: 240
    calm: 192
    concern: 240
    disgust: 4368
    encouragement: 240
    enthusiasm: 198
    excitement: 395
    fear: 4977
    happiness: 5965
    neutral: 7970
    poker: 575
    sadness: 5896
    sarcasm: 142
    surprise: 3426
  Filtered to core emotions: 41,265 -> 38,563 samples (2,702 dropped)
  Classes   : ['anger', 'disgust', 'fear', 'happiness', 'neutral', 'sadness', 'surprise']
  Feature extractor : Wav2Vec2FeatureExtractor  (sr=16000)

ERROR in hubert-base_cameo:
Traceback (most recent call last):
  File "/home/tu/tu_tu/tu_zxord71/asp-project/experiments/run_all.py", line 339, in main
    metrics = run_experiment(
              ^^^^^^^^^^^^^^^
  File "/home/tu/tu_tu/tu_zxord71/asp-project/experiments/run_all.py", line 122, in run_experiment
    full_ds = featurise_split(
              ^^^^^^^^^^^^^^^^
  File "/home/tu/tu_tu/tu_zxord71/asp-project/experiments/pipeline/data.py", line 277, in featurise_split
    d = raw_split.map(fn, batched=True, num_proc=1, remove_columns=raw_split.column_names, desc=desc)
        ^^^^^^^^^^^^^^^^^^^^^^^^^^^^^^^^^^^^^^^^^^^^^^^^^^^^^^^^^^^^^^^^^^^^^^^^^^^^^^^^^^^^^^^^^^^^^
  File "/home/tu/tu_tu/tu_zxord71/asp-project/.venv/lib64/python3.11/site-packages/datasets/arrow_dataset.py", line 576, in wrapper
    out: Union["Dataset", "DatasetDict"] = func(self, *args, **kwargs)
                                           ^^^^^^^^^^^^^^^^^^^^^^^^^^^
  File "/home/tu/tu_tu/tu_zxord71/asp-project/.venv/lib64/python3.11/site-packages/datasets/arrow_dataset.py", line 3624, in map
    for rank, done, content in iflatmap_unordered(
  File "/home/tu/tu_tu/tu_zxord71/asp-project/.venv/lib64/python3.11/site-packages/datasets/utils/py_utils.py", line 617, in iflatmap_unordered
    raise RuntimeError(
RuntimeError: One of the subprocesses has abruptly died during map operation.To debug the error, disable multiprocessing.


[16/21] SKIP HPO for wavlm-base_ravdess  (best_hyperparameters.json exists)

[17/21] SKIP HPO for wavlm-base_emodb  (best_hyperparameters.json exists)

======================================================================
[18/21]  wavlm-base_cameo
  Model  : microsoft/wavlm-base
  Dataset: amu-cai/CAMEO
  Output : /home/tu/tu_tu/tu_zxord71/asp-project/outputs/wavlm-base_cameo

  Loading: amu-cai/CAMEO
  Multiple splits found (['crema_d', 'cafe', 'emns', 'emozionalmente', 'enterface', 'jl_corpus', 'mesd', 'nemo', 'oreau', 'pavoque', 'ravdess', 'resd', 'subesco']) — concatenating into one.
  Label col : emotion
  Samples   : 41,265  |  Classes: 17
    anger: 5961
    anxiety: 240
    apology: 240
    assertiveness: 240
    calm: 192
    concern: 240
    disgust: 4368
    encouragement: 240
    enthusiasm: 198
    excitement: 395
    fear: 4977
    happiness: 5965
    neutral: 7970
    poker: 575
    sadness: 5896
    sarcasm: 142
    surprise: 3426
  Filtered to core emotions: 41,265 -> 38,563 samples (2,702 dropped)
  Classes   : ['anger', 'disgust', 'fear', 'happiness', 'neutral', 'sadness', 'surprise']
  Feature extractor : Wav2Vec2FeatureExtractor  (sr=16000)

ERROR in wavlm-base_cameo:
Traceback (most recent call last):
  File "/home/tu/tu_tu/tu_zxord71/asp-project/experiments/run_all.py", line 339, in main
    metrics = run_experiment(
              ^^^^^^^^^^^^^^^
  File "/home/tu/tu_tu/tu_zxord71/asp-project/experiments/run_all.py", line 122, in run_experiment
    full_ds = featurise_split(
              ^^^^^^^^^^^^^^^^
  File "/home/tu/tu_tu/tu_zxord71/asp-project/experiments/pipeline/data.py", line 277, in featurise_split
    d = raw_split.map(fn, batched=True, num_proc=1, remove_columns=raw_split.column_names, desc=desc)
        ^^^^^^^^^^^^^^^^^^^^^^^^^^^^^^^^^^^^^^^^^^^^^^^^^^^^^^^^^^^^^^^^^^^^^^^^^^^^^^^^^^^^^^^^^^^^^
  File "/home/tu/tu_tu/tu_zxord71/asp-project/.venv/lib64/python3.11/site-packages/datasets/arrow_dataset.py", line 576, in wrapper
    out: Union["Dataset", "DatasetDict"] = func(self, *args, **kwargs)
                                           ^^^^^^^^^^^^^^^^^^^^^^^^^^^
  File "/home/tu/tu_tu/tu_zxord71/asp-project/.venv/lib64/python3.11/site-packages/datasets/arrow_dataset.py", line 3624, in map
    for rank, done, content in iflatmap_unordered(
  File "/home/tu/tu_tu/tu_zxord71/asp-project/.venv/lib64/python3.11/site-packages/datasets/utils/py_utils.py", line 617, in iflatmap_unordered
    raise RuntimeError(
RuntimeError: One of the subprocesses has abruptly died during map operation.To debug the error, disable multiprocessing.


[19/21] SKIP HPO for wav2vec2-large_ravdess  (best_hyperparameters.json exists)

[20/21] SKIP HPO for wav2vec2-large_emodb  (best_hyperparameters.json exists)

======================================================================
[21/21]  wav2vec2-large_cameo
  Model  : facebook/wav2vec2-large
  Dataset: amu-cai/CAMEO
  Output : /home/tu/tu_tu/tu_zxord71/asp-project/outputs/wav2vec2-large_cameo

  Loading: amu-cai/CAMEO
  Multiple splits found (['crema_d', 'cafe', 'emns', 'emozionalmente', 'enterface', 'jl_corpus', 'mesd', 'nemo', 'oreau', 'pavoque', 'ravdess', 'resd', 'subesco']) — concatenating into one.
  Label col : emotion
  Samples   : 41,265  |  Classes: 17
    anger: 5961
    anxiety: 240
    apology: 240
    assertiveness: 240
    calm: 192
    concern: 240
    disgust: 4368
    encouragement: 240
    enthusiasm: 198
    excitement: 395
    fear: 4977
    happiness: 5965
    neutral: 7970
    poker: 575
    sadness: 5896
    sarcasm: 142
    surprise: 3426
  Filtered to core emotions: 41,265 -> 38,563 samples (2,702 dropped)
  Classes   : ['anger', 'disgust', 'fear', 'happiness', 'neutral', 'sadness', 'surprise']
  Feature extractor : Wav2Vec2FeatureExtractor  (sr=16000)

ERROR in wav2vec2-large_cameo:
Traceback (most recent call last):
  File "/home/tu/tu_tu/tu_zxord71/asp-project/experiments/run_all.py", line 339, in main
    metrics = run_experiment(
              ^^^^^^^^^^^^^^^
  File "/home/tu/tu_tu/tu_zxord71/asp-project/experiments/run_all.py", line 122, in run_experiment
    full_ds = featurise_split(
              ^^^^^^^^^^^^^^^^
  File "/home/tu/tu_tu/tu_zxord71/asp-project/experiments/pipeline/data.py", line 277, in featurise_split
    d = raw_split.map(fn, batched=True, num_proc=1, remove_columns=raw_split.column_names, desc=desc)
        ^^^^^^^^^^^^^^^^^^^^^^^^^^^^^^^^^^^^^^^^^^^^^^^^^^^^^^^^^^^^^^^^^^^^^^^^^^^^^^^^^^^^^^^^^^^^^
  File "/home/tu/tu_tu/tu_zxord71/asp-project/.venv/lib64/python3.11/site-packages/datasets/arrow_dataset.py", line 576, in wrapper
    out: Union["Dataset", "DatasetDict"] = func(self, *args, **kwargs)
                                           ^^^^^^^^^^^^^^^^^^^^^^^^^^^
  File "/home/tu/tu_tu/tu_zxord71/asp-project/.venv/lib64/python3.11/site-packages/datasets/arrow_dataset.py", line 3624, in map
    for rank, done, content in iflatmap_unordered(
  File "/home/tu/tu_tu/tu_zxord71/asp-project/.venv/lib64/python3.11/site-packages/datasets/utils/py_utils.py", line 617, in iflatmap_unordered
    raise RuntimeError(
RuntimeError: One of the subprocesses has abruptly died during map operation.To debug the error, disable multiprocessing.


Stage 1 complete. Run Stage 2 to train with the selected hyperparameters.

Stage 1 exit code: 0

============================================
Stage 2: 5-fold CV training (4-GPU DDP, torchrun)
============================================

======================================================================
Emotion Recognition Pipeline  [Stage 2 — Training]
======================================================================

  Loading: renumics/emodb

  Loading: renumics/emodb

  Loading: renumics/emodb
Device    : cuda  (4 GPU(s))
Models    : ['wav2vec2-base', 'hubert-xlarge', 'wavlm-large', 'distilhubert', 'hubert-base', 'wavlm-base', 'wav2vec2-large']
Datasets  : ['ravdess', 'emodb', 'cameo']
Epochs    : 30  |  Batch: 8  |  LR: 3e-05  |  K-folds: 5
Output    : /home/tu/tu_tu/tu_zxord71/asp-project/outputs
======================================================================

[1/21] SKIP wav2vec2-base_ravdess  (cv_metrics.json exists)

======================================================================
[2/21]  wav2vec2-base_emodb
  Model  : facebook/wav2vec2-base
  Dataset: renumics/emodb
  Output : /home/tu/tu_tu/tu_zxord71/asp-project/outputs/wav2vec2-base_emodb

  Loading: renumics/emodb
  Label col : emotion  Label col : emotion
  Label col : emotion
  Samples   : 535  |  Classes: 7

  Samples   : 535  |  Classes: 7  Samples   : 535  |  Classes: 7    0: 127


    0: 127    0: 127    1: 81


    1: 81    1: 81    2: 46


    2: 46    2: 46    3: 69


    3: 69    3: 69    4: 71


    4: 71    4: 71    5: 79


    5: 79    5: 79    6: 62


    6: 62    6: 62

  Classes   : ['anger', 'boredom', 'disgust', 'fear', 'happiness', 'neutral', 'sadness']  Classes   : ['anger', 'boredom', 'disgust', 'fear', 'happiness', 'neutral', 'sadness']  Classes   : ['anger', 'boredom', 'disgust', 'fear', 'happiness', 'neutral', 'sadness']


  Label col : emotion
  Samples   : 535  |  Classes: 7
    0: 127
    1: 81
    2: 46
    3: 69
    4: 71
    5: 79
    6: 62
  Classes   : ['anger', 'boredom', 'disgust', 'fear', 'happiness', 'neutral', 'sadness']
  Feature extractor : Wav2Vec2FeatureExtractor  (sr=16000)  Feature extractor : Wav2Vec2FeatureExtractor  (sr=16000)

  Feature extractor : Wav2Vec2FeatureExtractor  (sr=16000)
  Feature extractor : Wav2Vec2FeatureExtractor  (sr=16000)
  Loaded hyperparameters: lr=5.545268506940632e-05  bs=4  warmup=0.11802817919940539  wd=0.00706748255909866
  WARNING: composite stratify on 'None' + label failed for 5-fold CV (too few samples in a cell) — falling back to label-only stratify
  WARNING: composite stratify on 'None' + label failed for 5-fold CV (too few samples in a cell) — falling back to label-only stratify
  WARNING: composite stratify on 'None' + label failed for 5-fold CV (too few samples in a cell) — falling back to label-only stratify
  WARNING: composite stratify on 'None' + label failed for 5-fold CV (too few samples in a cell) — falling back to label-only stratify

ERROR in wav2vec2-base_emodb:
Traceback (most recent call last):
  File "/home/tu/tu_tu/tu_zxord71/asp-project/experiments/pipeline/data.py", line 182, in kfold_split_dataset
    folds = list(skf.split(idx, strat_key))
            ^^^^^^^^^^^^^^^^^^^^^^^^^^^^^^^
  File "/pfs/data6/home/tu/tu_tu/tu_zxord71/asp-project/.venv/lib64/python3.11/site-packages/sklearn/model_selection/_split.py", line 411, in split
    for train, test in super().split(X, y, groups):
  File "/pfs/data6/home/tu/tu_tu/tu_zxord71/asp-project/.venv/lib64/python3.11/site-packages/sklearn/model_selection/_split.py", line 142, in split
    for test_index in self._iter_test_masks(X, y, groups):
  File "/pfs/data6/home/tu/tu_tu/tu_zxord71/asp-project/.venv/lib64/python3.11/site-packages/sklearn/model_selection/_split.py", line 845, in _iter_test_masks
    test_folds = self._make_test_folds(X, y)
                 ^^^^^^^^^^^^^^^^^^^^^^^^^^^
  File "/pfs/data6/home/tu/tu_tu/tu_zxord71/asp-project/.venv/lib64/python3.11/site-packages/sklearn/model_selection/_split.py", line 788, in _make_test_folds
    raise ValueError(
ValueError: Supported target types are: ('binary', 'multiclass'). Got 'unknown' instead.

During handling of the above exception, another exception occurred:

Traceback (most recent call last):
  File "/home/tu/tu_tu/tu_zxord71/asp-project/experiments/run_all.py", line 339, in main
    metrics = run_experiment(
              ^^^^^^^^^^^^^^^
  File "/home/tu/tu_tu/tu_zxord71/asp-project/experiments/run_all.py", line 193, in run_experiment
    for fold_i, train_idx, val_idx, test_idx in kfold_split_dataset(
  File "/home/tu/tu_tu/tu_zxord71/asp-project/experiments/pipeline/data.py", line 187, in kfold_split_dataset
    folds = list(skf.split(idx, strat_key))
            ^^^^^^^^^^^^^^^^^^^^^^^^^^^^^^^
  File "/pfs/data6/home/tu/tu_tu/tu_zxord71/asp-project/.venv/lib64/python3.11/site-packages/sklearn/model_selection/_split.py", line 411, in split
    for train, test in super().split(X, y, groups):
  File "/pfs/data6/home/tu/tu_tu/tu_zxord71/asp-project/.venv/lib64/python3.11/site-packages/sklearn/model_selection/_split.py", line 142, in split
    for test_index in self._iter_test_masks(X, y, groups):
  File "/pfs/data6/home/tu/tu_tu/tu_zxord71/asp-project/.venv/lib64/python3.11/site-packages/sklearn/model_selection/_split.py", line 845, in _iter_test_masks
    test_folds = self._make_test_folds(X, y)
                 ^^^^^^^^^^^^^^^^^^^^^^^^^^^
  File "/pfs/data6/home/tu/tu_tu/tu_zxord71/asp-project/.venv/lib64/python3.11/site-packages/sklearn/model_selection/_split.py", line 788, in _make_test_folds
    raise ValueError(
ValueError: Supported target types are: ('binary', 'multiclass'). Got 'unknown' instead.


======================================================================
  Loading: amu-cai/CAMEO
  Loading: amu-cai/CAMEO
  Loading: amu-cai/CAMEO



[3/21]  wav2vec2-base_cameo
  Model  : facebook/wav2vec2-base
  Dataset: amu-cai/CAMEO
  Output : /home/tu/tu_tu/tu_zxord71/asp-project/outputs/wav2vec2-base_cameo

  Loading: amu-cai/CAMEO
  Multiple splits found (['crema_d', 'cafe', 'emns', 'emozionalmente', 'enterface', 'jl_corpus', 'mesd', 'nemo', 'oreau', 'pavoque', 'ravdess', 'resd', 'subesco']) — concatenating into one.  Multiple splits found (['crema_d', 'cafe', 'emns', 'emozionalmente', 'enterface', 'jl_corpus', 'mesd', 'nemo', 'oreau', 'pavoque', 'ravdess', 'resd', 'subesco']) — concatenating into one.  Multiple splits found (['crema_d', 'cafe', 'emns', 'emozionalmente', 'enterface', 'jl_corpus', 'mesd', 'nemo', 'oreau', 'pavoque', 'ravdess', 'resd', 'subesco']) — concatenating into one.


  Multiple splits found (['crema_d', 'cafe', 'emns', 'emozionalmente', 'enterface', 'jl_corpus', 'mesd', 'nemo', 'oreau', 'pavoque', 'ravdess', 'resd', 'subesco']) — concatenating into one.
  Label col : emotion  Label col : emotion

  Samples   : 41,265  |  Classes: 17  Samples   : 41,265  |  Classes: 17

    anger: 5961    anger: 5961

    anxiety: 240    anxiety: 240

    apology: 240    apology: 240

    assertiveness: 240    assertiveness: 240

    calm: 192    calm: 192

    concern: 240    concern: 240

    disgust: 4368    disgust: 4368

    encouragement: 240    encouragement: 240

    enthusiasm: 198    enthusiasm: 198

  Label col : emotion    excitement: 395    excitement: 395


    fear: 4977    fear: 4977
  Samples   : 41,265  |  Classes: 17
    happiness: 5965
    happiness: 5965

    anger: 5961    neutral: 7970    neutral: 7970


    anxiety: 240    poker: 575    poker: 575


    apology: 240    sadness: 5896    sadness: 5896


    assertiveness: 240    sarcasm: 142    sarcasm: 142


    calm: 192    surprise: 3426    surprise: 3426


    concern: 240
    disgust: 4368
    encouragement: 240
    enthusiasm: 198
    excitement: 395
    fear: 4977
    happiness: 5965
    neutral: 7970
    poker: 575
    sadness: 5896
    sarcasm: 142
    surprise: 3426
  Label col : emotion
  Samples   : 41,265  |  Classes: 17
    anger: 5961
    anxiety: 240
    apology: 240
    assertiveness: 240
    calm: 192
    concern: 240
    disgust: 4368
    encouragement: 240
    enthusiasm: 198
    excitement: 395
    fear: 4977
    happiness: 5965
    neutral: 7970
    poker: 575
    sadness: 5896
    sarcasm: 142
    surprise: 3426
  Filtered to core emotions: 41,265 -> 38,563 samples (2,702 dropped)
  Filtered to core emotions: 41,265 -> 38,563 samples (2,702 dropped)
  Filtered to core emotions: 41,265 -> 38,563 samples (2,702 dropped)
  Filtered to core emotions: 41,265 -> 38,563 samples (2,702 dropped)
  Classes   : ['anger', 'disgust', 'fear', 'happiness', 'neutral', 'sadness', 'surprise']
  Classes   : ['anger', 'disgust', 'fear', 'happiness', 'neutral', 'sadness', 'surprise']
  Classes   : ['anger', 'disgust', 'fear', 'happiness', 'neutral', 'sadness', 'surprise']
  Classes   : ['anger', 'disgust', 'fear', 'happiness', 'neutral', 'sadness', 'surprise']
  Feature extractor : Wav2Vec2FeatureExtractor  (sr=16000)
  Feature extractor : Wav2Vec2FeatureExtractor  (sr=16000)
  Feature extractor : Wav2Vec2FeatureExtractor  (sr=16000)
  Feature extractor : Wav2Vec2FeatureExtractor  (sr=16000)

ERROR in wav2vec2-base_cameo:
multiprocess.pool.RemoteTraceback: 
"""
Traceback (most recent call last):
  File "/pfs/data6/home/tu/tu_tu/tu_zxord71/asp-project/.venv/lib64/python3.11/site-packages/datasets/arrow_dataset.py", line 4016, in _map_single
    writer.write_batch(batch, try_original_type=try_original_type)
  File "/pfs/data6/home/tu/tu_tu/tu_zxord71/asp-project/.venv/lib64/python3.11/site-packages/datasets/arrow_writer.py", line 713, in write_batch
    self._write_batch(batch_examples, writer_batch_size=writer_batch_size, try_original_type=try_original_type)
  File "/pfs/data6/home/tu/tu_tu/tu_zxord71/asp-project/.venv/lib64/python3.11/site-packages/datasets/arrow_writer.py", line 756, in _write_batch
    self.write_table(pa_table, writer_batch_size)
  File "/pfs/data6/home/tu/tu_tu/tu_zxord71/asp-project/.venv/lib64/python3.11/site-packages/datasets/arrow_writer.py", line 765, in write_table
    self._write_table(pa_table, writer_batch_size=writer_batch_size)
  File "/pfs/data6/home/tu/tu_tu/tu_zxord71/asp-project/.venv/lib64/python3.11/site-packages/datasets/arrow_writer.py", line 778, in _write_table
    self.pa_writer.write_table(pa_table, writer_batch_size)
  File "pyarrow/ipc.pxi", line 616, in pyarrow.lib._CRecordBatchWriter.write_table
  File "pyarrow/error.pxi", line 89, in pyarrow.lib.check_status
  File "/pfs/data6/home/tu/tu_tu/tu_zxord71/asp-project/.venv/lib64/python3.11/site-packages/fsspec/implementations/local.py", line 472, in write
    return self.f.write(*args, **kwargs)
           ^^^^^^^^^^^^^^^^^^^^^^^^^^^^^
OSError: [Errno 122] Disk quota exceeded

During handling of the above exception, another exception occurred:

Traceback (most recent call last):
  File "/pfs/data6/home/tu/tu_tu/tu_zxord71/asp-project/.venv/lib64/python3.11/site-packages/multiprocess/pool.py", line 125, in worker
    result = (True, func(*args, **kwds))
                    ^^^^^^^^^^^^^^^^^^^
  File "/pfs/data6/home/tu/tu_tu/tu_zxord71/asp-project/.venv/lib64/python3.11/site-packages/datasets/utils/py_utils.py", line 585, in _write_generator_to_queue
    for i, result in enumerate(func(**kwargs)):
  File "/pfs/data6/home/tu/tu_tu/tu_zxord71/asp-project/.venv/lib64/python3.11/site-packages/datasets/arrow_dataset.py", line 4028, in _map_single
    writer.finalize()
  File "/pfs/data6/home/tu/tu_tu/tu_zxord71/asp-project/.venv/lib64/python3.11/site-packages/datasets/arrow_writer.py", line 791, in finalize
    self.stream.close()
  File "/pfs/data6/home/tu/tu_tu/tu_zxord71/asp-project/.venv/lib64/python3.11/site-packages/fsspec/implementations/local.py", line 490, in close
    return self.f.close()
           ^^^^^^^^^^^^^^
OSError: [Errno 5] Input/output error
"""

The above exception was the direct cause of the following exception:

Traceback (most recent call last):
  File "/home/tu/tu_tu/tu_zxord71/asp-project/experiments/run_all.py", line 339, in main
    metrics = run_experiment(
              ^^^^^^^^^^^^^^^
  File "/home/tu/tu_tu/tu_zxord71/asp-project/experiments/run_all.py", line 122, in run_experiment
    full_ds = featurise_split(
              ^^^^^^^^^^^^^^^^
  File "/home/tu/tu_tu/tu_zxord71/asp-project/experiments/pipeline/data.py", line 277, in featurise_split
    d = raw_split.map(fn, batched=True, num_proc=1, remove_columns=raw_split.column_names, desc=desc)
        ^^^^^^^^^^^^^^^^^^^^^^^^^^^^^^^^^^^^^^^^^^^^^^^^^^^^^^^^^^^^^^^^^^^^^^^^^^^^^^^^^^^^^^^^^^^^^
  File "/pfs/data6/home/tu/tu_tu/tu_zxord71/asp-project/.venv/lib64/python3.11/site-packages/datasets/arrow_dataset.py", line 576, in wrapper
    out: Union["Dataset", "DatasetDict"] = func(self, *args, **kwargs)
                                           ^^^^^^^^^^^^^^^^^^^^^^^^^^^
  File "/pfs/data6/home/tu/tu_tu/tu_zxord71/asp-project/.venv/lib64/python3.11/site-packages/datasets/arrow_dataset.py", line 3624, in map
    for rank, done, content in iflatmap_unordered(
  File "/pfs/data6/home/tu/tu_tu/tu_zxord71/asp-project/.venv/lib64/python3.11/site-packages/datasets/utils/py_utils.py", line 624, in iflatmap_unordered
    [async_result.get(timeout=0.05) for async_result in async_results]
  File "/pfs/data6/home/tu/tu_tu/tu_zxord71/asp-project/.venv/lib64/python3.11/site-packages/datasets/utils/py_utils.py", line 624, in <listcomp>
    [async_result.get(timeout=0.05) for async_result in async_results]
     ^^^^^^^^^^^^^^^^^^^^^^^^^^^^^^
  File "/pfs/data6/home/tu/tu_tu/tu_zxord71/asp-project/.venv/lib64/python3.11/site-packages/multiprocess/pool.py", line 774, in get
    raise self._value
OSError: [Errno 5] Input/output error


[4/21] SKIP hubert-xlarge_ravdess  (cv_metrics.json exists)

======================================================================
[5/21]  hubert-xlarge_emodb
  Model  : facebook/hubert-xlarge-ls960-ft
  Dataset: renumics/emodb
  Output : /home/tu/tu_tu/tu_zxord71/asp-project/outputs/hubert-xlarge_emodb

  Loading: renumics/emodb
  Label col : emotion
  Samples   : 535  |  Classes: 7
    0: 127
    1: 81
    2: 46
    3: 69
    4: 71
    5: 79
    6: 62
  Classes   : ['anger', 'boredom', 'disgust', 'fear', 'happiness', 'neutral', 'sadness']
  Feature extractor : Wav2Vec2FeatureExtractor  (sr=16000)
  Loaded hyperparameters: lr=0.0004063766097684679  bs=8  warmup=0.08711134400378046  wd=0.009584702390917112
  WARNING: composite stratify on 'None' + label failed for 5-fold CV (too few samples in a cell) — falling back to label-only stratify

ERROR in hubert-xlarge_emodb:
Traceback (most recent call last):
  File "/home/tu/tu_tu/tu_zxord71/asp-project/experiments/pipeline/data.py", line 182, in kfold_split_dataset
    folds = list(skf.split(idx, strat_key))
            ^^^^^^^^^^^^^^^^^^^^^^^^^^^^^^^
  File "/pfs/data6/home/tu/tu_tu/tu_zxord71/asp-project/.venv/lib64/python3.11/site-packages/sklearn/model_selection/_split.py", line 411, in split
    for train, test in super().split(X, y, groups):
  File "/pfs/data6/home/tu/tu_tu/tu_zxord71/asp-project/.venv/lib64/python3.11/site-packages/sklearn/model_selection/_split.py", line 142, in split
    for test_index in self._iter_test_masks(X, y, groups):
  File "/pfs/data6/home/tu/tu_tu/tu_zxord71/asp-project/.venv/lib64/python3.11/site-packages/sklearn/model_selection/_split.py", line 845, in _iter_test_masks
    test_folds = self._make_test_folds(X, y)
                 ^^^^^^^^^^^^^^^^^^^^^^^^^^^
  File "/pfs/data6/home/tu/tu_tu/tu_zxord71/asp-project/.venv/lib64/python3.11/site-packages/sklearn/model_selection/_split.py", line 788, in _make_test_folds
    raise ValueError(
ValueError: Supported target types are: ('binary', 'multiclass'). Got 'unknown' instead.

During handling of the above exception, another exception occurred:

Traceback (most recent call last):
  File "/home/tu/tu_tu/tu_zxord71/asp-project/experiments/run_all.py", line 339, in main
    metrics = run_experiment(
              ^^^^^^^^^^^^^^^
  File "/home/tu/tu_tu/tu_zxord71/asp-project/experiments/run_all.py", line 193, in run_experiment
    for fold_i, train_idx, val_idx, test_idx in kfold_split_dataset(
  File "/home/tu/tu_tu/tu_zxord71/asp-project/experiments/pipeline/data.py", line 187, in kfold_split_dataset
    folds = list(skf.split(idx, strat_key))
            ^^^^^^^^^^^^^^^^^^^^^^^^^^^^^^^
  File "/pfs/data6/home/tu/tu_tu/tu_zxord71/asp-project/.venv/lib64/python3.11/site-packages/sklearn/model_selection/_split.py", line 411, in split
    for train, test in super().split(X, y, groups):
  File "/pfs/data6/home/tu/tu_tu/tu_zxord71/asp-project/.venv/lib64/python3.11/site-packages/sklearn/model_selection/_split.py", line 142, in split
    for test_index in self._iter_test_masks(X, y, groups):
  File "/pfs/data6/home/tu/tu_tu/tu_zxord71/asp-project/.venv/lib64/python3.11/site-packages/sklearn/model_selection/_split.py", line 845, in _iter_test_masks
    test_folds = self._make_test_folds(X, y)
                 ^^^^^^^^^^^^^^^^^^^^^^^^^^^
  File "/pfs/data6/home/tu/tu_tu/tu_zxord71/asp-project/.venv/lib64/python3.11/site-packages/sklearn/model_selection/_split.py", line 788, in _make_test_folds
    raise ValueError(
ValueError: Supported target types are: ('binary', 'multiclass'). Got 'unknown' instead.


======================================================================
[6/21]  hubert-xlarge_cameo
  Model  : facebook/hubert-xlarge-ls960-ft
  Dataset: amu-cai/CAMEO
  Output : /home/tu/tu_tu/tu_zxord71/asp-project/outputs/hubert-xlarge_cameo

  Loading: amu-cai/CAMEO
  Multiple splits found (['crema_d', 'cafe', 'emns', 'emozionalmente', 'enterface', 'jl_corpus', 'mesd', 'nemo', 'oreau', 'pavoque', 'ravdess', 'resd', 'subesco']) — concatenating into one.
  Label col : emotion
  Samples   : 41,265  |  Classes: 17
    anger: 5961
    anxiety: 240
    apology: 240
    assertiveness: 240
    calm: 192
    concern: 240
    disgust: 4368
    encouragement: 240
    enthusiasm: 198
    excitement: 395
    fear: 4977
    happiness: 5965
    neutral: 7970
    poker: 575
    sadness: 5896
    sarcasm: 142
    surprise: 3426
  Filtered to core emotions: 41,265 -> 38,563 samples (2,702 dropped)
  Classes   : ['anger', 'disgust', 'fear', 'happiness', 'neutral', 'sadness', 'surprise']
  Feature extractor : Wav2Vec2FeatureExtractor  (sr=16000)

  Loading: renumics/emodb

  Loading: renumics/emodb

  Loading: renumics/emodb
  Label col : emotion
  Samples   : 535  |  Classes: 7
    0: 127
    1: 81
    2: 46
    3: 69
    4: 71
    5: 79
    6: 62
  Classes   : ['anger', 'boredom', 'disgust', 'fear', 'happiness', 'neutral', 'sadness']
  Label col : emotion
  Samples   : 535  |  Classes: 7
    0: 127
    1: 81
    2: 46
    3: 69
    4: 71
    5: 79
    6: 62
  Classes   : ['anger', 'boredom', 'disgust', 'fear', 'happiness', 'neutral', 'sadness']
  Feature extractor : Wav2Vec2FeatureExtractor  (sr=16000)
  Label col : emotion
  Samples   : 535  |  Classes: 7
    0: 127
    1: 81
    2: 46
    3: 69
    4: 71
    5: 79
    6: 62
  Classes   : ['anger', 'boredom', 'disgust', 'fear', 'happiness', 'neutral', 'sadness']
  WARNING: composite stratify on 'None' + label failed for 5-fold CV (too few samples in a cell) — falling back to label-only stratify

  Loading: amu-cai/CAMEO
  Feature extractor : Wav2Vec2FeatureExtractor  (sr=16000)
  Feature extractor : Wav2Vec2FeatureExtractor  (sr=16000)
  WARNING: composite stratify on 'None' + label failed for 5-fold CV (too few samples in a cell) — falling back to label-only stratify

  Loading: amu-cai/CAMEO
  WARNING: composite stratify on 'None' + label failed for 5-fold CV (too few samples in a cell) — falling back to label-only stratify

  Loading: amu-cai/CAMEO
  Multiple splits found (['crema_d', 'cafe', 'emns', 'emozionalmente', 'enterface', 'jl_corpus', 'mesd', 'nemo', 'oreau', 'pavoque', 'ravdess', 'resd', 'subesco']) — concatenating into one.
  Multiple splits found (['crema_d', 'cafe', 'emns', 'emozionalmente', 'enterface', 'jl_corpus', 'mesd', 'nemo', 'oreau', 'pavoque', 'ravdess', 'resd', 'subesco']) — concatenating into one.
  Multiple splits found (['crema_d', 'cafe', 'emns', 'emozionalmente', 'enterface', 'jl_corpus', 'mesd', 'nemo', 'oreau', 'pavoque', 'ravdess', 'resd', 'subesco']) — concatenating into one.
  Label col : emotion
  Samples   : 41,265  |  Classes: 17
    anger: 5961
    anxiety: 240
    apology: 240
    assertiveness: 240
    calm: 192
    concern: 240
    disgust: 4368
    encouragement: 240
    enthusiasm: 198
    excitement: 395
    fear: 4977
    happiness: 5965
    neutral: 7970
    poker: 575
    sadness: 5896
    sarcasm: 142
    surprise: 3426
  Filtered to core emotions: 41,265 -> 38,563 samples (2,702 dropped)
  Label col : emotion
  Samples   : 41,265  |  Classes: 17
    anger: 5961
    anxiety: 240
    apology: 240
    assertiveness: 240
    calm: 192
    concern: 240
    disgust: 4368
    encouragement: 240
    enthusiasm: 198
    excitement: 395
    fear: 4977
    happiness: 5965
    neutral: 7970
    poker: 575
    sadness: 5896
    sarcasm: 142

Job finished

