============================================
Emotion Recognition Pipeline
============================================
Job ID    : 6311200
Node      : uc2n912
Start time: Fri Aug 14 08:09:14 PM CEST 2026

Loading modules...
CUDA Home : /opt/bwhpc/common/devel/cuda/12.8
Python    : /opt/bwhpc/common/devel/python/3.13.3_llvm_19.1/bin/python

Setting up project environment...
Python isolation enforced:
  PYTHONNOUSERSITE=1
  VIRTUAL_ENV=/home/tu/tu_tu/tu_zxord71/asp-project/.venv
  Python used: /home/tu/tu_tu/tu_zxord71/asp-project/.venv/bin/python

GPU info:
0, NVIDIA A100 80GB PCIe, 81920 MiB, 81124 MiB
1, NVIDIA A100 80GB PCIe, 81920 MiB, 81124 MiB
2, NVIDIA A100 80GB PCIe, 81920 MiB, 81124 MiB
3, NVIDIA A100 80GB PCIe, 81920 MiB, 81124 MiB

============================================
Stage 1: Optuna HPO (4 GPUs in parallel, 10 trials each)
============================================

  GPU 0 -> wav2vec2-base hubert-base 
  GPU 1 -> hubert-xlarge wavlm-base 
  GPU 2 -> wavlm-large wav2vec2-large 
  GPU 3 -> distilhubert 

Stage 1 exit code: 0

============================================
Stage 2: 5-fold CV training (4 GPUs in parallel)
============================================

  GPU 0 -> wav2vec2-base hubert-base 
  GPU 1 -> hubert-xlarge wavlm-base 
  GPU 2 -> wavlm-large wav2vec2-large 
  GPU 3 -> distilhubert 

============================================
Job finished
============================================
Stage 1 exit : 0
Stage 2 exit : 120
End time     : Fri Aug 14 08:52:22 PM CEST 2026

Failure: Stage 2 exited with code 120
Check logs/emotion_pipeline_6311200_train_gpu*.log

============================= JOB FEEDBACK =============================

NodeName=uc2n912
Job ID: 6311200
Cluster: uc3
User/Group: tu_zxord71/tu_tu
State: FAILED (exit code 120)
Nodes: 1
Cores per node: 32
CPU Utilized: 01:51:18
CPU Efficiency: 8.03% of 23:05:36 core-walltime
Job Wall-clock time: 00:43:18
Memory Utilized: 60.45 GB
Memory Efficiency: 12.14% of 498.05 GB (498.05 GB/node)
