============================================
Emotion Recognition Pipeline
============================================
Job ID    : 6277432
Node      : uc2n905
Start time: Thu Aug 13 11:43:30 AM CEST 2026

Loading modules...
CUDA Home : /opt/bwhpc/common/devel/cuda/12.8
Python    : /opt/bwhpc/common/devel/python/3.13.3_llvm_19.1/bin/python

Setting up project environment...

============================= JOB FEEDBACK =============================

NodeName=uc2n905
Job ID: 6277432
Cluster: uc3
User/Group: tu_zxord71/tu_tu
State: FAILED (exit code 1)
Nodes: 1
Cores per node: 32
CPU Utilized: 00:00:00
CPU Efficiency: 0.00% of 00:05:52 core-walltime
Job Wall-clock time: 00:00:11
Memory Utilized: 34.86 MB
Memory Efficiency: 0.01% of 498.05 GB (498.05 GB/node)
