============================================
Emotion Recognition Pipeline
============================================
Array Job : 6221124_5
Node      : uc2n909
Model     : wavlm-base
Start time: Sun Aug  9 10:40:03 AM CEST 2026

Loading modules...
CUDA Home : /opt/bwhpc/common/devel/cuda/12.8
Python    : /opt/bwhpc/common/devel/python/3.13.3_llvm_19.1/bin/python

Setting up project environment...
Python isolation enforced:
  PYTHONNOUSERSITE=1
  VIRTUAL_ENV=/home/tu/tu_tu/tu_zxord71/asp-project/.venv
  Python used: /home/tu/tu_tu/tu_zxord71/asp-project/.venv/bin/python

GPU info:
0, NVIDIA A100 80GB PCIe, 81920 MiB, 81127 MiB

============================================
Stage 1: Optuna HPO (wavlm-base, 1 GPU, 10 trials each)
============================================


Stage 1 exit code: 2
Stage 1 (HPO) failed. Aborting.

============================= JOB FEEDBACK =============================

NodeName=uc2n909
Job ID: 6226239
Array Job ID: 6221124_5
Cluster: uc3
User/Group: tu_zxord71/tu_tu
State: FAILED (exit code 2)
Nodes: 1
Cores per node: 32
CPU Utilized: 00:00:00
CPU Efficiency: 0.00% of 00:05:20 core-walltime
Job Wall-clock time: 00:00:10
Memory Utilized: 34.79 MB
Memory Efficiency: 0.01% of 498.05 GB (498.05 GB/node)
