Preprocessing train (num_proc=1):   0%|          | 0/1008 [00:00<?, ? examples/s]Preprocessing train (num_proc=1):   0%|          | 0/1008 [00:34<?, ? examples/s]Preprocessing train (num_proc=1):   0%|          | 0/1008 [00:35<?, ? examples/s]
multiprocess.pool.RemoteTraceback: 
"""
Traceback (most recent call last):
  File "/home/tu/tu_tu/tu_zxord71/asp-project/.venv/lib64/python3.11/site-packages/transformers/feature_extraction_utils.py", line 198, in convert_to_tensors
    tensor = as_tensor(value)
             ^^^^^^^^^^^^^^^^
  File "/home/tu/tu_tu/tu_zxord71/asp-project/.venv/lib64/python3.11/site-packages/transformers/feature_extraction_utils.py", line 153, in as_tensor
    return np.asarray(value, dtype=dtype)
           ^^^^^^^^^^^^^^^^^^^^^^^^^^^^^^
ValueError: setting an array element with a sequence. The requested array has an inhomogeneous shape after 2 dimensions. The detected shape was (1000, 80000) + inhomogeneous part.

The above exception was the direct cause of the following exception:

Traceback (most recent call last):
  File "/home/tu/tu_tu/tu_zxord71/asp-project/.venv/lib64/python3.11/site-packages/multiprocess/pool.py", line 125, in worker
    result = (True, func(*args, **kwds))
                    ^^^^^^^^^^^^^^^^^^^
  File "/home/tu/tu_tu/tu_zxord71/asp-project/.venv/lib64/python3.11/site-packages/datasets/utils/py_utils.py", line 585, in _write_generator_to_queue
    for i, result in enumerate(func(**kwargs)):
  File "/home/tu/tu_tu/tu_zxord71/asp-project/.venv/lib64/python3.11/site-packages/datasets/arrow_dataset.py", line 3998, in _map_single
    for i, batch in iter_outputs(shard_iterable):
  File "/home/tu/tu_tu/tu_zxord71/asp-project/.venv/lib64/python3.11/site-packages/datasets/arrow_dataset.py", line 3951, in iter_outputs
    yield i, apply_function(example, i, offset=offset)
             ^^^^^^^^^^^^^^^^^^^^^^^^^^^^^^^^^^^^^^^^^
  File "/home/tu/tu_tu/tu_zxord71/asp-project/.venv/lib64/python3.11/site-packages/datasets/arrow_dataset.py", line 3872, in apply_function
    processed_inputs = function(*fn_args, *additional_args, **fn_kwargs)
                       ^^^^^^^^^^^^^^^^^^^^^^^^^^^^^^^^^^^^^^^^^^^^^^^^^
  File "/home/tu/tu_tu/tu_zxord71/asp-project/experiments/wav2vec2_ravdess_emotion.py", line 260, in preprocess
    inputs = feature_extractor(
             ^^^^^^^^^^^^^^^^^^
  File "/home/tu/tu_tu/tu_zxord71/asp-project/.venv/lib64/python3.11/site-packages/transformers/models/wav2vec2/feature_extraction_wav2vec2.py", line 195, in __call__
    padded_inputs = self.pad(
                    ^^^^^^^^^
  File "/home/tu/tu_tu/tu_zxord71/asp-project/.venv/lib64/python3.11/site-packages/transformers/feature_extraction_sequence_utils.py", line 222, in pad
    return BatchFeature(batch_outputs, tensor_type=return_tensors)
           ^^^^^^^^^^^^^^^^^^^^^^^^^^^^^^^^^^^^^^^^^^^^^^^^^^^^^^^
  File "/home/tu/tu_tu/tu_zxord71/asp-project/.venv/lib64/python3.11/site-packages/transformers/feature_extraction_utils.py", line 83, in __init__
    self.convert_to_tensors(tensor_type=tensor_type)
  File "/home/tu/tu_tu/tu_zxord71/asp-project/.venv/lib64/python3.11/site-packages/transformers/feature_extraction_utils.py", line 206, in convert_to_tensors
    raise ValueError(
ValueError: Unable to convert output 'input_values' (type: list) to tensor: setting an array element with a sequence. The requested array has an inhomogeneous shape after 2 dimensions. The detected shape was (1000, 80000) + inhomogeneous part.
You can try:
  1. Use padding=True to ensure all outputs have the same shape
  2. Set return_tensors=None to return Python objects instead of tensors
"""

The above exception was the direct cause of the following exception:

Traceback (most recent call last):
  File "/home/tu/tu_tu/tu_zxord71/asp-project/experiments/wav2vec2_ravdess_emotion.py", line 507, in <module>
    main()
  File "/home/tu/tu_tu/tu_zxord71/asp-project/experiments/wav2vec2_ravdess_emotion.py", line 498, in main
    train_ds, val_ds, test_ds = preprocess_splits(
                                ^^^^^^^^^^^^^^^^^^
  File "/home/tu/tu_tu/tu_zxord71/asp-project/experiments/wav2vec2_ravdess_emotion.py", line 276, in preprocess_splits
    train_ds = train_raw.map(
               ^^^^^^^^^^^^^^
  File "/home/tu/tu_tu/tu_zxord71/asp-project/.venv/lib64/python3.11/site-packages/datasets/arrow_dataset.py", line 575, in wrapper
    out: Union["Dataset", "DatasetDict"] = func(self, *args, **kwargs)
                                           ^^^^^^^^^^^^^^^^^^^^^^^^^^^
  File "/home/tu/tu_tu/tu_zxord71/asp-project/.venv/lib64/python3.11/site-packages/datasets/arrow_dataset.py", line 3624, in map
    for rank, done, content in iflatmap_unordered(
  File "/home/tu/tu_tu/tu_zxord71/asp-project/.venv/lib64/python3.11/site-packages/datasets/utils/py_utils.py", line 624, in iflatmap_unordered
    [async_result.get(timeout=0.05) for async_result in async_results]
  File "/home/tu/tu_tu/tu_zxord71/asp-project/.venv/lib64/python3.11/site-packages/datasets/utils/py_utils.py", line 624, in <listcomp>
    [async_result.get(timeout=0.05) for async_result in async_results]
     ^^^^^^^^^^^^^^^^^^^^^^^^^^^^^^
  File "/home/tu/tu_tu/tu_zxord71/asp-project/.venv/lib64/python3.11/site-packages/multiprocess/pool.py", line 774, in get
    raise self._value
ValueError: Unable to convert output 'input_values' (type: list) to tensor: setting an array element with a sequence. The requested array has an inhomogeneous shape after 2 dimensions. The detected shape was (1000, 80000) + inhomogeneous part.
You can try:
  1. Use padding=True to ensure all outputs have the same shape
  2. Set return_tensors=None to return Python objects instead of tensors
