Traceback (most recent call last):
  File "/home/tu/tu_tu/tu_zxord71/asp-project/experiments/wav2vec2_ravdess_emotion.py", line 423, in <module>
    main()
  File "/home/tu/tu_tu/tu_zxord71/asp-project/experiments/wav2vec2_ravdess_emotion.py", line 407, in main
    raw_dataset, base_split, label_col, all_labels = load_and_explore(args.dataset_name)
                                                     ^^^^^^^^^^^^^^^^^^^^^^^^^^^^^^^^^^^
  File "/home/tu/tu_tu/tu_zxord71/asp-project/experiments/wav2vec2_ravdess_emotion.py", line 92, in load_and_explore
    example = raw_dataset[base_split][0]
              ~~~~~~~~~~~~~~~~~~~~~~~^^^
  File "/home/tu/tu_tu/tu_zxord71/asp-project/.venv/lib64/python3.11/site-packages/datasets/arrow_dataset.py", line 3157, in __getitem__
    return self._getitem(key)
           ^^^^^^^^^^^^^^^^^^
  File "/home/tu/tu_tu/tu_zxord71/asp-project/.venv/lib64/python3.11/site-packages/datasets/arrow_dataset.py", line 3139, in _getitem
    formatted_output = format_table(
                       ^^^^^^^^^^^^^
  File "/home/tu/tu_tu/tu_zxord71/asp-project/.venv/lib64/python3.11/site-packages/datasets/formatting/formatting.py", line 658, in format_table
    return formatter(pa_table, query_type=query_type)
           ^^^^^^^^^^^^^^^^^^^^^^^^^^^^^^^^^^^^^^^^^^
  File "/home/tu/tu_tu/tu_zxord71/asp-project/.venv/lib64/python3.11/site-packages/datasets/formatting/formatting.py", line 411, in __call__
    return self.format_row(pa_table)
           ^^^^^^^^^^^^^^^^^^^^^^^^^
  File "/home/tu/tu_tu/tu_zxord71/asp-project/.venv/lib64/python3.11/site-packages/datasets/formatting/formatting.py", line 460, in format_row
    row = self.python_features_decoder.decode_row(row)
          ^^^^^^^^^^^^^^^^^^^^^^^^^^^^^^^^^^^^^^^^^^^^
  File "/home/tu/tu_tu/tu_zxord71/asp-project/.venv/lib64/python3.11/site-packages/datasets/formatting/formatting.py", line 224, in decode_row
    return self.features.decode_example(row, token_per_repo_id=self.token_per_repo_id) if self.features else row
           ^^^^^^^^^^^^^^^^^^^^^^^^^^^^^^^^^^^^^^^^^^^^^^^^^^^^^^^^^^^^^^^^^^^^^^^^^^^
  File "/home/tu/tu_tu/tu_zxord71/asp-project/.venv/lib64/python3.11/site-packages/datasets/features/features.py", line 2203, in decode_example
    return {
           ^
  File "/home/tu/tu_tu/tu_zxord71/asp-project/.venv/lib64/python3.11/site-packages/datasets/features/features.py", line 2204, in <dictcomp>
    column_name: decode_nested_example(feature, value, token_per_repo_id=token_per_repo_id)
                 ^^^^^^^^^^^^^^^^^^^^^^^^^^^^^^^^^^^^^^^^^^^^^^^^^^^^^^^^^^^^^^^^^^^^^^^^^^
  File "/home/tu/tu_tu/tu_zxord71/asp-project/.venv/lib64/python3.11/site-packages/datasets/features/features.py", line 1508, in decode_nested_example
    return schema.decode_example(obj, token_per_repo_id=token_per_repo_id) if obj is not None else None
           ^^^^^^^^^^^^^^^^^^^^^^^^^^^^^^^^^^^^^^^^^^^^^^^^^^^^^^^^^^^^^^^
  File "/home/tu/tu_tu/tu_zxord71/asp-project/.venv/lib64/python3.11/site-packages/datasets/features/audio.py", line 186, in decode_example
    raise ImportError("To support decoding audio data, please install 'torchcodec'.")
ImportError: To support decoding audio data, please install 'torchcodec'.
