============================================
Wav2Vec2 RAVDESS Emotion Classification
============================================
Job ID    : 4982280
Node      : uc2n561
Start time: Wed Jun 10 03:20:49 AM CEST 2026

Loading modules...
CUDA Home : /opt/bwhpc/common/devel/cuda/12.8
Python    : /opt/bwhpc/common/devel/python/3.13.3_llvm_19.1/bin/python

Setting up project environment...
Python isolation enforced:
  PYTHONNOUSERSITE=1
  VIRTUAL_ENV=/home/tu/tu_tu/tu_zxord71/asp-project/.venv
  Python used: /home/tu/tu_tu/tu_zxord71/asp-project/.venv/bin/python

HF_HOME   : /home/tu/tu_tu/tu_zxord71/asp-project/.hf_cache

GPU info:
NVIDIA A100-PCIE-40GB, 40960 MiB, 40415 MiB

==========================================
Starting wav2vec2_ravdess_emotion.py ...
==========================================


==========================================
Job completed
==========================================
Exit code : 1
End time  : Wed Jun 10 03:22:18 AM CEST 2026

Failure: job exited with code 1
Check logs: logs/wav2vec2_ravdess_emotion_4982280.err

============================= JOB FEEDBACK =============================

NodeName=uc2n561
Job ID: 4982280
Cluster: uc3
User/Group: tu_zxord71/tu_tu
State: FAILED (exit code 1)
Nodes: 1
Cores per node: 8
CPU Utilized: 00:00:13
CPU Efficiency: 1.62% of 00:13:20 core-walltime
Job Wall-clock time: 00:01:40
Memory Utilized: 552.30 MB
Memory Efficiency: 0.59% of 91.80 GB (91.80 GB/node)
