============================================
Emotion Recognition Pipeline
============================================
Job ID    : 5816619
Node      : uc2n905
Start time: Mon Jul  6 08:44:37 PM CEST 2026

Loading modules...
CUDA Home : /opt/bwhpc/common/devel/cuda/12.8
Python    : /opt/bwhpc/common/devel/python/3.13.3_llvm_19.1/bin/python

Setting up project environment...
Python isolation enforced:
  PYTHONNOUSERSITE=1
  VIRTUAL_ENV=/home/tu/tu_tu/tu_zxoqp65/work/asp-project/.venv
  Python used: /home/tu/tu_tu/tu_zxoqp65/work/asp-project/.venv/bin/python

GPU info:
0, NVIDIA A100 80GB PCIe, 81920 MiB, 81125 MiB
1, NVIDIA A100 80GB PCIe, 81920 MiB, 81124 MiB
2, NVIDIA A100 80GB PCIe, 81920 MiB, 81125 MiB
3, NVIDIA A100 80GB PCIe, 81920 MiB, 81127 MiB

============================================
Stage 1: Optuna HPO (1 GPU, 20 trials each)
============================================

======================================================================
Emotion Recognition Pipeline  [Stage 1 — HPO only]
======================================================================
Device    : cuda  (1 GPU(s))
Models    : ['wav2vec2-base', 'hubert-xlarge', 'emotion2vec-base', 'wavlm-large', 'distilhubert']
Datasets  : ['ravdess', 'cameo']
HPO trials: 20  |  Seed: 42
Output    : /home/tu/tu_tu/tu_zxoqp65/work/asp-project/outputs
======================================================================

[1/10] SKIP HPO for wav2vec2-base_ravdess  (best_hyperparameters.json exists)

======================================================================
[2/10]  wav2vec2-base_cameo
  Model  : facebook/wav2vec2-base
  Dataset: amu-cai/CAMEO
  Output : /home/tu/tu_tu/tu_zxoqp65/work/asp-project/outputs/wav2vec2-base_cameo

  Loading: amu-cai/CAMEO
  CAMEO combined: 38,563 samples (2,702 dropped)
  Label col : emotion
  Samples   : 38,563  |  Classes: 7
    anger: 5961
    disgust: 4368
    fear: 4977
    happiness: 5965
    neutral: 7970
    sadness: 5896
    surprise: 3426
  Classes   : ['anger', 'disgust', 'fear', 'happiness', 'neutral', 'sadness', 'surprise']
  Split     : 26,994 train / 5,784 val / 5,785 test  (of 38,563)
  Feature extractor : Wav2Vec2FeatureExtractor  (sr=16000)
  Featurising splits ...
  Model             : Wav2Vec2ForSequenceClassification  (94,570,375 params, 94,570,375 trainable)
  HPO: 20 trials × 3 epochs ...
  Model             : Wav2Vec2ForSequenceClassification  (94,570,375 params, 94,570,375 trainable)
{'loss': 1.9338, 'grad_norm': 4.003018856048584, 'learning_rate': 2.339642407242798e-06, 'epoch': 0.07}
{'loss': 1.8522, 'grad_norm': 7.414884567260742, 'learning_rate': 4.683973476624359e-06, 'epoch': 0.15}
{'loss': 1.6492, 'grad_norm': 3.0484328269958496, 'learning_rate': 7.02830454600592e-06, 'epoch': 0.22}
{'loss': 1.4638, 'grad_norm': 8.969467163085938, 'learning_rate': 9.372635615387481e-06, 'epoch': 0.3}
{'loss': 1.3647, 'grad_norm': 19.88531494140625, 'learning_rate': 1.07953031670648e-05, 'epoch': 0.37}
{'loss': 1.259, 'grad_norm': 9.558952331542969, 'learning_rate': 1.0491175852238768e-05, 'epoch': 0.44}
{'loss': 1.1449, 'grad_norm': 39.44293212890625, 'learning_rate': 1.0187048537412737e-05, 'epoch': 0.52}
{'loss': 1.0706, 'grad_norm': 45.8281364440918, 'learning_rate': 9.882921222586707e-06, 'epoch': 0.59}
{'loss': 1.0007, 'grad_norm': 128.58534240722656, 'learning_rate': 9.578793907760676e-06, 'epoch': 0.67}
{'loss': 0.9325, 'grad_norm': 62.12678909301758, 'learning_rate': 9.274666592934644e-06, 'epoch': 0.74}
{'loss': 0.9114, 'grad_norm': 38.3369026184082, 'learning_rate': 8.970539278108613e-06, 'epoch': 0.81}
{'loss': 0.8727, 'grad_norm': 56.879920959472656, 'learning_rate': 8.666411963282582e-06, 'epoch': 0.89}
{'loss': 0.8645, 'grad_norm': 79.5959243774414, 'learning_rate': 8.362284648456551e-06, 'epoch': 0.96}
{'eval_loss': 0.7738891243934631, 'eval_f1_macro': 0.7319724133185479, 'eval_f1_weighted': 0.7484117479072815, 'eval_precision_macro': 0.7397517149232714, 'eval_recall_macro': 0.7293359437389899, 'eval_accuracy': 0.7493084370677732, 'eval_runtime': 11.2622, 'eval_samples_per_second': 513.578, 'eval_steps_per_second': 64.197, 'epoch': 1.0}
{'loss': 0.8132, 'grad_norm': 11.730856895446777, 'learning_rate': 8.058157333630519e-06, 'epoch': 1.04}
{'loss': 0.768, 'grad_norm': 8.328387260437012, 'learning_rate': 7.75403001880449e-06, 'epoch': 1.11}
{'loss': 0.7143, 'grad_norm': 24.283205032348633, 'learning_rate': 7.449902703978458e-06, 'epoch': 1.19}
{'loss': 0.7318, 'grad_norm': 97.51124572753906, 'learning_rate': 7.145775389152427e-06, 'epoch': 1.26}
{'loss': 0.7682, 'grad_norm': 124.71968841552734, 'learning_rate': 6.841648074326395e-06, 'epoch': 1.33}
{'loss': 0.7493, 'grad_norm': 73.00751495361328, 'learning_rate': 6.537520759500365e-06, 'epoch': 1.41}
{'loss': 0.7107, 'grad_norm': 1.3526759147644043, 'learning_rate': 6.233393444674334e-06, 'epoch': 1.48}
{'loss': 0.6915, 'grad_norm': 0.961415708065033, 'learning_rate': 5.929266129848302e-06, 'epoch': 1.56}
{'loss': 0.7308, 'grad_norm': 0.5785134434700012, 'learning_rate': 5.625138815022271e-06, 'epoch': 1.63}
{'loss': 0.6909, 'grad_norm': 112.04191589355469, 'learning_rate': 5.32101150019624e-06, 'epoch': 1.7}
{'loss': 0.7411, 'grad_norm': 74.40967559814453, 'learning_rate': 5.016884185370209e-06, 'epoch': 1.78}
{'loss': 0.6944, 'grad_norm': 235.97352600097656, 'learning_rate': 4.712756870544178e-06, 'epoch': 1.85}
{'loss': 0.6457, 'grad_norm': 85.73616027832031, 'learning_rate': 4.408629555718147e-06, 'epoch': 1.93}
{'eval_loss': 0.737173855304718, 'eval_f1_macro': 0.795315871234852, 'eval_f1_weighted': 0.8070589036298379, 'eval_precision_macro': 0.8042955490289163, 'eval_recall_macro': 0.7928052844988681, 'eval_accuracy': 0.808091286307054, 'eval_runtime': 521.3041, 'eval_samples_per_second': 11.095, 'eval_steps_per_second': 1.387, 'epoch': 2.0}
{'loss': 0.6607, 'grad_norm': 24.953399658203125, 'learning_rate': 4.104502240892115e-06, 'epoch': 2.0}
{'loss': 0.5391, 'grad_norm': 0.1481836885213852, 'learning_rate': 3.8003749260660846e-06, 'epoch': 2.07}
{'loss': 0.5072, 'grad_norm': 1.6706788539886475, 'learning_rate': 3.4962476112400535e-06, 'epoch': 2.15}
{'loss': 0.5554, 'grad_norm': 154.82749938964844, 'learning_rate': 3.1921202964140228e-06, 'epoch': 2.22}
{'loss': 0.5521, 'grad_norm': 107.16983032226562, 'learning_rate': 2.887992981587991e-06, 'epoch': 2.3}
{'loss': 0.5461, 'grad_norm': 51.16898727416992, 'learning_rate': 2.5838656667619605e-06, 'epoch': 2.37}
{'loss': 0.5674, 'grad_norm': 85.31088256835938, 'learning_rate': 2.2797383519359293e-06, 'epoch': 2.44}
{'loss': 0.4917, 'grad_norm': 6.604788780212402, 'learning_rate': 1.975611037109898e-06, 'epoch': 2.52}
{'loss': 0.5022, 'grad_norm': 6.729817867279053, 'learning_rate': 1.671483722283867e-06, 'epoch': 2.59}
{'loss': 0.5684, 'grad_norm': 0.045989181846380234, 'learning_rate': 1.3673564074578359e-06, 'epoch': 2.67}
{'loss': 0.4993, 'grad_norm': 0.11580667644739151, 'learning_rate': 1.0632290926318047e-06, 'epoch': 2.74}
{'loss': 0.5087, 'grad_norm': 186.94931030273438, 'learning_rate': 7.591017778057736e-07, 'epoch': 2.82}
{'loss': 0.4679, 'grad_norm': 0.034973643720149994, 'learning_rate': 4.5497446297974257e-07, 'epoch': 2.89}
{'loss': 0.4808, 'grad_norm': 101.53657531738281, 'learning_rate': 1.5084714815371142e-07, 'epoch': 2.96}
{'eval_loss': 0.7864667773246765, 'eval_f1_macro': 0.8249519083350147, 'eval_f1_weighted': 0.8350969339308076, 'eval_precision_macro': 0.8275729857092872, 'eval_recall_macro': 0.824105237353051, 'eval_accuracy': 0.8360995850622407, 'eval_runtime': 466.5412, 'eval_samples_per_second': 12.398, 'eval_steps_per_second': 1.55, 'epoch': 3.0}
{'train_runtime': 2090.7442, 'train_samples_per_second': 38.734, 'train_steps_per_second': 9.684, 'train_loss': 0.8264221106245823, 'epoch': 3.0}
  Model             : Wav2Vec2ForSequenceClassification  (94,570,375 params, 94,570,375 trainable)
{'loss': 1.7729, 'grad_norm': 7.815290927886963, 'learning_rate': 5.79607859488953e-05, 'epoch': 0.15}
{'loss': 1.5851, 'grad_norm': 15.242047309875488, 'learning_rate': 0.0001160377257774477, 'epoch': 0.3}
{'loss': 1.7336, 'grad_norm': 1.6136980056762695, 'learning_rate': 0.00017411466560600012, 'epoch': 0.44}
{'loss': 1.926, 'grad_norm': 0.8595060706138611, 'learning_rate': 0.00018190192874180524, 'epoch': 0.59}
{'loss': 1.9221, 'grad_norm': 0.47446030378341675, 'learning_rate': 0.00017070934144536141, 'epoch': 0.74}
{'loss': 1.9165, 'grad_norm': 0.8457725644111633, 'learning_rate': 0.00015951675414891759, 'epoch': 0.89}
{'eval_loss': 1.9186313152313232, 'eval_f1_macro': 0.048922277035187194, 'eval_f1_weighted': 0.07075291275922214, 'eval_precision_macro': 0.029514918000395178, 'eval_recall_macro': 0.14285714285714285, 'eval_accuracy': 0.20660442600276624, 'eval_runtime': 519.7383, 'eval_samples_per_second': 11.129, 'eval_steps_per_second': 1.391, 'epoch': 1.0}
{'loss': 1.9171, 'grad_norm': 0.8193411827087402, 'learning_rate': 0.00014832416685247373, 'epoch': 1.04}
{'loss': 1.9207, 'grad_norm': 0.7054752111434937, 'learning_rate': 0.00013713157955602987, 'epoch': 1.19}
{'loss': 1.9143, 'grad_norm': 0.8817288279533386, 'learning_rate': 0.00012593899225958605, 'epoch': 1.33}
{'loss': 1.92, 'grad_norm': 0.7925388813018799, 'learning_rate': 0.00011474640496314222, 'epoch': 1.48}
{'loss': 1.9132, 'grad_norm': 0.8851149082183838, 'learning_rate': 0.00010355381766669839, 'epoch': 1.63}
{'loss': 1.9205, 'grad_norm': 1.0745277404785156, 'learning_rate': 9.236123037025454e-05, 'epoch': 1.78}
{'loss': 1.9176, 'grad_norm': 0.3634452521800995, 'learning_rate': 8.116864307381071e-05, 'epoch': 1.93}
{'eval_loss': 1.9166593551635742, 'eval_f1_macro': 0.048922277035187194, 'eval_f1_weighted': 0.07075291275922214, 'eval_precision_macro': 0.029514918000395178, 'eval_recall_macro': 0.14285714285714285, 'eval_accuracy': 0.20660442600276624, 'eval_runtime': 507.7624, 'eval_samples_per_second': 11.391, 'eval_steps_per_second': 1.424, 'epoch': 2.0}
{'loss': 1.9164, 'grad_norm': 0.6748149394989014, 'learning_rate': 6.997605577736688e-05, 'epoch': 2.07}
{'loss': 1.9182, 'grad_norm': 0.544205367565155, 'learning_rate': 5.878346848092303e-05, 'epoch': 2.22}
{'loss': 1.9151, 'grad_norm': 0.6244948506355286, 'learning_rate': 4.7590881184479195e-05, 'epoch': 2.37}
{'loss': 1.9217, 'grad_norm': 0.6491777896881104, 'learning_rate': 3.639829388803536e-05, 'epoch': 2.52}
{'loss': 1.9197, 'grad_norm': 0.8092113733291626, 'learning_rate': 2.5205706591591522e-05, 'epoch': 2.67}
{'loss': 1.9136, 'grad_norm': 0.7165635824203491, 'learning_rate': 1.4013119295147684e-05, 'epoch': 2.81}
{'loss': 1.9165, 'grad_norm': 0.29575082659721375, 'learning_rate': 2.820531998703847e-06, 'epoch': 2.96}
{'eval_loss': 1.916510820388794, 'eval_f1_macro': 0.048922277035187194, 'eval_f1_weighted': 0.07075291275922214, 'eval_precision_macro': 0.029514918000395178, 'eval_recall_macro': 0.14285714285714285, 'eval_accuracy': 0.20660442600276624, 'eval_runtime': 520.1885, 'eval_samples_per_second': 11.119, 'eval_steps_per_second': 1.39, 'epoch': 3.0}
{'train_runtime': 2457.6794, 'train_samples_per_second': 32.951, 'train_steps_per_second': 4.12, 'train_loss': 1.8853772424768518, 'epoch': 3.0}
  Model             : Wav2Vec2ForSequenceClassification  (94,570,375 params, 94,570,375 trainable)
{'loss': 1.9297, 'grad_norm': 2.4590282440185547, 'learning_rate': 3.453703921719212e-05, 'epoch': 0.07}
{'loss': 1.922, 'grad_norm': 2.269763469696045, 'learning_rate': 6.91432909378255e-05, 'epoch': 0.15}
{'loss': 1.9273, 'grad_norm': 1.0081721544265747, 'learning_rate': 0.00010374954265845888, 'epoch': 0.22}
{'loss': 1.9174, 'grad_norm': 0.8788835406303406, 'learning_rate': 0.00010536178511340603, 'epoch': 0.3}
{'loss': 1.9199, 'grad_norm': 1.3504687547683716, 'learning_rate': 0.00010247484448666869, 'epoch': 0.37}
{'loss': 1.9223, 'grad_norm': 1.867958903312683, 'learning_rate': 9.958790385993135e-05, 'epoch': 0.44}
{'loss': 1.9228, 'grad_norm': 1.4113913774490356, 'learning_rate': 9.6700963233194e-05, 'epoch': 0.52}
{'loss': 1.9227, 'grad_norm': 1.2327756881713867, 'learning_rate': 9.381402260645667e-05, 'epoch': 0.59}
{'loss': 1.9178, 'grad_norm': 1.1229331493377686, 'learning_rate': 9.092708197971932e-05, 'epoch': 0.67}
{'loss': 1.9267, 'grad_norm': 1.2911174297332764, 'learning_rate': 8.804014135298199e-05, 'epoch': 0.74}
{'loss': 1.9221, 'grad_norm': 0.6704819798469543, 'learning_rate': 8.515320072624464e-05, 'epoch': 0.81}
{'loss': 1.9101, 'grad_norm': 1.4503474235534668, 'learning_rate': 8.22662600995073e-05, 'epoch': 0.89}
{'loss': 1.9148, 'grad_norm': 1.6041758060455322, 'learning_rate': 7.937931947276995e-05, 'epoch': 0.96}
{'eval_loss': 1.9182785749435425, 'eval_f1_macro': 0.048922277035187194, 'eval_f1_weighted': 0.07075291275922214, 'eval_precision_macro': 0.029514918000395178, 'eval_recall_macro': 0.14285714285714285, 'eval_accuracy': 0.20660442600276624, 'eval_runtime': 535.3673, 'eval_samples_per_second': 10.804, 'eval_steps_per_second': 1.35, 'epoch': 1.0}
{'loss': 1.921, 'grad_norm': 1.0430426597595215, 'learning_rate': 7.649237884603261e-05, 'epoch': 1.04}
{'loss': 1.9233, 'grad_norm': 1.0123629570007324, 'learning_rate': 7.360543821929528e-05, 'epoch': 1.11}
{'loss': 1.9182, 'grad_norm': 0.9996775984764099, 'learning_rate': 7.071849759255793e-05, 'epoch': 1.19}
{'loss': 1.9157, 'grad_norm': 1.3322774171829224, 'learning_rate': 6.783155696582059e-05, 'epoch': 1.26}
{'loss': 1.9139, 'grad_norm': 1.1942436695098877, 'learning_rate': 6.494461633908325e-05, 'epoch': 1.33}
{'loss': 1.9279, 'grad_norm': 0.7947676777839661, 'learning_rate': 6.20576757123459e-05, 'epoch': 1.41}
{'loss': 1.9125, 'grad_norm': 1.1756020784378052, 'learning_rate': 5.917073508560856e-05, 'epoch': 1.48}
{'loss': 1.9157, 'grad_norm': 1.331469178199768, 'learning_rate': 5.6283794458871224e-05, 'epoch': 1.56}
{'loss': 1.9112, 'grad_norm': 1.668200969696045, 'learning_rate': 5.339685383213388e-05, 'epoch': 1.63}
{'loss': 1.9195, 'grad_norm': 1.243645429611206, 'learning_rate': 5.0509913205396536e-05, 'epoch': 1.7}
{'loss': 1.9216, 'grad_norm': 1.0879961252212524, 'learning_rate': 4.7622972578659196e-05, 'epoch': 1.78}
{'loss': 1.9099, 'grad_norm': 1.3362033367156982, 'learning_rate': 4.473603195192185e-05, 'epoch': 1.85}
{'loss': 1.9262, 'grad_norm': 1.212093710899353, 'learning_rate': 4.1849091325184515e-05, 'epoch': 1.93}
{'eval_loss': 1.9166791439056396, 'eval_f1_macro': 0.048922277035187194, 'eval_f1_weighted': 0.07075291275922214, 'eval_precision_macro': 0.029514918000395178, 'eval_recall_macro': 0.14285714285714285, 'eval_accuracy': 0.20660442600276624, 'eval_runtime': 534.7111, 'eval_samples_per_second': 10.817, 'eval_steps_per_second': 1.352, 'epoch': 2.0}
{'loss': 1.9198, 'grad_norm': 1.0333847999572754, 'learning_rate': 3.896215069844717e-05, 'epoch': 2.0}
{'loss': 1.9106, 'grad_norm': 0.9871246218681335, 'learning_rate': 3.607521007170983e-05, 'epoch': 2.07}
{'loss': 1.9123, 'grad_norm': 0.7746673226356506, 'learning_rate': 3.318826944497248e-05, 'epoch': 2.15}
{'loss': 1.9247, 'grad_norm': 0.9363517165184021, 'learning_rate': 3.0301328818235142e-05, 'epoch': 2.22}
{'loss': 1.9231, 'grad_norm': 0.8920240998268127, 'learning_rate': 2.74143881914978e-05, 'epoch': 2.3}
{'loss': 1.9066, 'grad_norm': 0.6620073318481445, 'learning_rate': 2.4527447564760458e-05, 'epoch': 2.37}
{'loss': 1.9332, 'grad_norm': 0.6690535545349121, 'learning_rate': 2.1640506938023114e-05, 'epoch': 2.44}
{'loss': 1.9118, 'grad_norm': 0.7391770482063293, 'learning_rate': 1.8753566311285773e-05, 'epoch': 2.52}
{'loss': 1.9142, 'grad_norm': 1.0083950757980347, 'learning_rate': 1.5866625684548433e-05, 'epoch': 2.59}
{'loss': 1.9252, 'grad_norm': 0.9995331168174744, 'learning_rate': 1.2979685057811089e-05, 'epoch': 2.67}
{'loss': 1.9073, 'grad_norm': 0.6865279674530029, 'learning_rate': 1.0092744431073748e-05, 'epoch': 2.74}
{'loss': 1.92, 'grad_norm': 1.1660293340682983, 'learning_rate': 7.205803804336406e-06, 'epoch': 2.82}
{'loss': 1.9155, 'grad_norm': 0.7818877696990967, 'learning_rate': 4.318863177599064e-06, 'epoch': 2.89}
{'loss': 1.9179, 'grad_norm': 1.354759693145752, 'learning_rate': 1.4319225508617216e-06, 'epoch': 2.96}
{'eval_loss': 1.9168341159820557, 'eval_f1_macro': 0.048922277035187194, 'eval_f1_weighted': 0.07075291275922214, 'eval_precision_macro': 0.029514918000395178, 'eval_recall_macro': 0.14285714285714285, 'eval_accuracy': 0.20660442600276624, 'eval_runtime': 510.2925, 'eval_samples_per_second': 11.335, 'eval_steps_per_second': 1.417, 'epoch': 3.0}
{'train_runtime': 2719.2231, 'train_samples_per_second': 29.781, 'train_steps_per_second': 7.446, 'train_loss': 1.9187641996345137, 'epoch': 3.0}
  Model             : Wav2Vec2ForSequenceClassification  (94,570,375 params, 94,570,375 trainable)
{'loss': 1.6537, 'grad_norm': 7.783377170562744, 'learning_rate': 4.965848778903763e-05, 'epoch': 0.3}
{'loss': 1.2917, 'grad_norm': 14.597298622131348, 'learning_rate': 9.892108823108284e-05, 'epoch': 0.59}
{'loss': 1.12, 'grad_norm': 16.70814323425293, 'learning_rate': 8.675367270450439e-05, 'epoch': 0.89}
{'eval_loss': 0.8881670236587524, 'eval_f1_macro': 0.6577214728323967, 'eval_f1_weighted': 0.6789302450506847, 'eval_precision_macro': 0.6940450823031722, 'eval_recall_macro': 0.6525806813647945, 'eval_accuracy': 0.6870677731673582, 'eval_runtime': 517.9189, 'eval_samples_per_second': 11.168, 'eval_steps_per_second': 1.396, 'epoch': 1.0}
{'loss': 0.9148, 'grad_norm': 11.266042709350586, 'learning_rate': 7.458625717792592e-05, 'epoch': 1.18}
{'loss': 0.794, 'grad_norm': 7.914466857910156, 'learning_rate': 6.241884165134748e-05, 'epoch': 1.48}
{'loss': 0.7261, 'grad_norm': 11.91765022277832, 'learning_rate': 5.0251426124769026e-05, 'epoch': 1.78}
{'eval_loss': 0.6076958775520325, 'eval_f1_macro': 0.7849864197947971, 'eval_f1_weighted': 0.7986065425370926, 'eval_precision_macro': 0.7952194102616336, 'eval_recall_macro': 0.7817579764398388, 'eval_accuracy': 0.7992738589211619, 'eval_runtime': 475.7226, 'eval_samples_per_second': 12.158, 'eval_steps_per_second': 1.52, 'epoch': 2.0}
{'loss': 0.5882, 'grad_norm': 5.7208733558654785, 'learning_rate': 3.808401059819057e-05, 'epoch': 2.07}
{'loss': 0.4164, 'grad_norm': 18.01923942565918, 'learning_rate': 2.591659507161211e-05, 'epoch': 2.37}
{'loss': 0.3696, 'grad_norm': 20.70180892944336, 'learning_rate': 1.3749179545033655e-05, 'epoch': 2.67}
{'loss': 0.322, 'grad_norm': 3.476747512817383, 'learning_rate': 1.581764018455199e-06, 'epoch': 2.96}
{'eval_loss': 0.5235703587532043, 'eval_f1_macro': 0.8300105509443673, 'eval_f1_weighted': 0.8399990747998896, 'eval_precision_macro': 0.8323276914215143, 'eval_recall_macro': 0.8304556046726178, 'eval_accuracy': 0.8414591977869986, 'eval_runtime': 510.895, 'eval_samples_per_second': 11.321, 'eval_steps_per_second': 1.415, 'epoch': 3.0}
{'train_runtime': 2286.5973, 'train_samples_per_second': 35.416, 'train_steps_per_second': 2.215, 'train_loss': 0.8132135480124427, 'epoch': 3.0}
  Model             : Wav2Vec2ForSequenceClassification  (94,570,375 params, 94,570,375 trainable)
{'loss': 1.9327, 'grad_norm': 2.949789047241211, 'learning_rate': 2.5759393011337007e-06, 'epoch': 0.07}
{'loss': 1.8334, 'grad_norm': 14.16290283203125, 'learning_rate': 5.157040805275685e-06, 'epoch': 0.15}
{'loss': 1.6142, 'grad_norm': 6.437916278839111, 'learning_rate': 7.73814230941767e-06, 'epoch': 0.22}
{'loss': 1.4378, 'grad_norm': 11.934826850891113, 'learning_rate': 1.0319243813559654e-05, 'epoch': 0.3}
{'loss': 1.3404, 'grad_norm': 36.207984924316406, 'learning_rate': 1.290034531770164e-05, 'epoch': 0.37}
{'loss': 1.2731, 'grad_norm': 9.036331176757812, 'learning_rate': 1.5481446821843624e-05, 'epoch': 0.44}
{'loss': 1.2019, 'grad_norm': 29.617782592773438, 'learning_rate': 1.806254832598561e-05, 'epoch': 0.52}
{'loss': 1.1704, 'grad_norm': 39.496150970458984, 'learning_rate': 1.952991623979532e-05, 'epoch': 0.59}
{'loss': 1.0777, 'grad_norm': 20.042295455932617, 'learning_rate': 1.8928921771559373e-05, 'epoch': 0.67}
{'loss': 0.9981, 'grad_norm': 53.94345474243164, 'learning_rate': 1.8327927303323425e-05, 'epoch': 0.74}
{'loss': 0.9947, 'grad_norm': 15.110536575317383, 'learning_rate': 1.7726932835087478e-05, 'epoch': 0.81}
{'loss': 0.9266, 'grad_norm': 27.758045196533203, 'learning_rate': 1.712593836685153e-05, 'epoch': 0.89}
{'loss': 0.9186, 'grad_norm': 39.570167541503906, 'learning_rate': 1.6524943898615586e-05, 'epoch': 0.96}
{'eval_loss': 0.8828692436218262, 'eval_f1_macro': 0.6845988793067458, 'eval_f1_weighted': 0.6984493200827703, 'eval_precision_macro': 0.7154333384179462, 'eval_recall_macro': 0.6950418303146603, 'eval_accuracy': 0.705567081604426, 'eval_runtime': 515.8235, 'eval_samples_per_second': 11.213, 'eval_steps_per_second': 1.402, 'epoch': 1.0}
{'loss': 0.8621, 'grad_norm': 39.764930725097656, 'learning_rate': 1.592394943037964e-05, 'epoch': 1.04}
{'loss': 0.7942, 'grad_norm': 56.88216018676758, 'learning_rate': 1.532295496214369e-05, 'epoch': 1.11}
{'loss': 0.7491, 'grad_norm': 6.892614841461182, 'learning_rate': 1.4721960493907747e-05, 'epoch': 1.19}
{'loss': 0.781, 'grad_norm': 80.11614990234375, 'learning_rate': 1.41209660256718e-05, 'epoch': 1.26}
{'loss': 0.7772, 'grad_norm': 13.996020317077637, 'learning_rate': 1.3519971557435852e-05, 'epoch': 1.33}
{'loss': 0.789, 'grad_norm': 23.6004638671875, 'learning_rate': 1.2918977089199906e-05, 'epoch': 1.41}
{'loss': 0.7098, 'grad_norm': 0.16434124112129211, 'learning_rate': 1.2317982620963959e-05, 'epoch': 1.48}
{'loss': 0.7141, 'grad_norm': 9.112797737121582, 'learning_rate': 1.1716988152728015e-05, 'epoch': 1.56}
{'loss': 0.7442, 'grad_norm': 1.3303078413009644, 'learning_rate': 1.1115993684492067e-05, 'epoch': 1.63}
{'loss': 0.7462, 'grad_norm': 45.059139251708984, 'learning_rate': 1.051499921625612e-05, 'epoch': 1.7}
{'loss': 0.7556, 'grad_norm': 49.99050521850586, 'learning_rate': 9.914004748020174e-06, 'epoch': 1.78}
{'loss': 0.7153, 'grad_norm': 67.55630493164062, 'learning_rate': 9.313010279784226e-06, 'epoch': 1.85}
{'loss': 0.6509, 'grad_norm': 55.422550201416016, 'learning_rate': 8.71201581154828e-06, 'epoch': 1.93}
{'eval_loss': 0.7015333771705627, 'eval_f1_macro': 0.8021070967604509, 'eval_f1_weighted': 0.8136543208680396, 'eval_precision_macro': 0.8100532673959909, 'eval_recall_macro': 0.7995759370168426, 'eval_accuracy': 0.8144882434301521, 'eval_runtime': 511.0872, 'eval_samples_per_second': 11.317, 'eval_steps_per_second': 1.415, 'epoch': 2.0}
{'loss': 0.718, 'grad_norm': 51.36750030517578, 'learning_rate': 8.111021343312335e-06, 'epoch': 2.0}
{'loss': 0.5207, 'grad_norm': 0.4874632656574249, 'learning_rate': 7.510026875076388e-06, 'epoch': 2.07}
{'loss': 0.5108, 'grad_norm': 20.374143600463867, 'learning_rate': 6.909032406840441e-06, 'epoch': 2.15}
{'loss': 0.5354, 'grad_norm': 163.89129638671875, 'learning_rate': 6.308037938604495e-06, 'epoch': 2.22}
{'loss': 0.549, 'grad_norm': 109.74085998535156, 'learning_rate': 5.707043470368548e-06, 'epoch': 2.3}
{'loss': 0.5047, 'grad_norm': 31.023235321044922, 'learning_rate': 5.106049002132602e-06, 'epoch': 2.37}
{'loss': 0.5644, 'grad_norm': 32.21830749511719, 'learning_rate': 4.505054533896655e-06, 'epoch': 2.44}
{'loss': 0.4678, 'grad_norm': 43.86945724487305, 'learning_rate': 3.9040600656607085e-06, 'epoch': 2.52}
{'loss': 0.4834, 'grad_norm': 125.8453598022461, 'learning_rate': 3.3030655974247623e-06, 'epoch': 2.59}
{'loss': 0.5123, 'grad_norm': 0.020551346242427826, 'learning_rate': 2.702071129188815e-06, 'epoch': 2.67}
{'loss': 0.4385, 'grad_norm': 0.2493540495634079, 'learning_rate': 2.101076660952869e-06, 'epoch': 2.74}
{'loss': 0.4902, 'grad_norm': 87.13726806640625, 'learning_rate': 1.5000821927169226e-06, 'epoch': 2.82}
{'loss': 0.4369, 'grad_norm': 0.024334849789738655, 'learning_rate': 8.99087724480976e-07, 'epoch': 2.89}
{'loss': 0.4404, 'grad_norm': 103.66159057617188, 'learning_rate': 2.980932562450295e-07, 'epoch': 2.96}
{'eval_loss': 0.7666361927986145, 'eval_f1_macro': 0.8387197006063019, 'eval_f1_weighted': 0.8461969651598907, 'eval_precision_macro': 0.8415053812011718, 'eval_recall_macro': 0.8373686397681379, 'eval_accuracy': 0.8469917012448133, 'eval_runtime': 513.164, 'eval_samples_per_second': 11.271, 'eval_steps_per_second': 1.409, 'epoch': 3.0}
{'train_runtime': 2659.3502, 'train_samples_per_second': 30.452, 'train_steps_per_second': 7.614, 'train_loss': 0.8372444103469129, 'epoch': 3.0}
  Model             : Wav2Vec2ForSequenceClassification  (94,570,375 params, 94,570,375 trainable)
{'loss': 1.6378, 'grad_norm': 5.572170734405518, 'learning_rate': 0.0001337103900433971, 'epoch': 0.3}
{'loss': 1.7171, 'grad_norm': 0.5160640478134155, 'learning_rate': 0.00019204092098926986, 'epoch': 0.59}
{'loss': 1.9198, 'grad_norm': 0.23921726644039154, 'learning_rate': 0.0001684196514948947, 'epoch': 0.89}
{'eval_loss': 1.917983889579773, 'eval_f1_macro': 0.048922277035187194, 'eval_f1_weighted': 0.07075291275922214, 'eval_precision_macro': 0.029514918000395178, 'eval_recall_macro': 0.14285714285714285, 'eval_accuracy': 0.20660442600276624, 'eval_runtime': 513.1468, 'eval_samples_per_second': 11.272, 'eval_steps_per_second': 1.409, 'epoch': 1.0}
  Model             : Wav2Vec2ForSequenceClassification  (94,570,375 params, 94,570,375 trainable)
{'loss': 1.9316, 'grad_norm': 1.0960559844970703, 'learning_rate': 0.00041530451772328435, 'epoch': 0.15}
{'loss': 1.9168, 'grad_norm': 0.5296657681465149, 'learning_rate': 0.0003937324983111046, 'epoch': 0.3}
{'loss': 1.9199, 'grad_norm': 0.9189492464065552, 'learning_rate': 0.00037216047889892487, 'epoch': 0.44}
{'loss': 1.9219, 'grad_norm': 0.9461292028427124, 'learning_rate': 0.00035058845948674513, 'epoch': 0.59}
{'loss': 1.9218, 'grad_norm': 0.4379076659679413, 'learning_rate': 0.0003290164400745654, 'epoch': 0.74}
{'loss': 1.9163, 'grad_norm': 0.8147995471954346, 'learning_rate': 0.00030744442066238565, 'epoch': 0.89}
{'eval_loss': 1.9179432392120361, 'eval_f1_macro': 0.048922277035187194, 'eval_f1_weighted': 0.07075291275922214, 'eval_precision_macro': 0.029514918000395178, 'eval_recall_macro': 0.14285714285714285, 'eval_accuracy': 0.20660442600276624, 'eval_runtime': 511.0451, 'eval_samples_per_second': 11.318, 'eval_steps_per_second': 1.415, 'epoch': 1.0}
{'loss': 1.9173, 'grad_norm': 0.7742688059806824, 'learning_rate': 0.0002858724012502059, 'epoch': 1.04}
{'loss': 1.9208, 'grad_norm': 0.6796408891677856, 'learning_rate': 0.0002643003818380262, 'epoch': 1.19}
{'loss': 1.9143, 'grad_norm': 0.8679232597351074, 'learning_rate': 0.00024272836242584644, 'epoch': 1.33}
{'loss': 1.9199, 'grad_norm': 0.7696834206581116, 'learning_rate': 0.0002211563430136667, 'epoch': 1.48}
{'loss': 1.9132, 'grad_norm': 0.8138719201087952, 'learning_rate': 0.00019958432360148693, 'epoch': 1.63}
{'loss': 1.9204, 'grad_norm': 0.9980036616325378, 'learning_rate': 0.0001780123041893072, 'epoch': 1.78}
{'loss': 1.9175, 'grad_norm': 0.36711081862449646, 'learning_rate': 0.00015644028477712746, 'epoch': 1.93}
{'eval_loss': 1.9171603918075562, 'eval_f1_macro': 0.048922277035187194, 'eval_f1_weighted': 0.07075291275922214, 'eval_precision_macro': 0.029514918000395178, 'eval_recall_macro': 0.14285714285714285, 'eval_accuracy': 0.20660442600276624, 'eval_runtime': 498.902, 'eval_samples_per_second': 11.593, 'eval_steps_per_second': 1.449, 'epoch': 2.0}
{'loss': 1.9165, 'grad_norm': 0.6332447528839111, 'learning_rate': 0.00013486826536494775, 'epoch': 2.07}
{'loss': 1.9182, 'grad_norm': 0.5468993782997131, 'learning_rate': 0.00011329624595276799, 'epoch': 2.22}
{'loss': 1.9152, 'grad_norm': 0.6193454265594482, 'learning_rate': 9.172422654058825e-05, 'epoch': 2.37}
{'loss': 1.9217, 'grad_norm': 0.6192383766174316, 'learning_rate': 7.015220712840852e-05, 'epoch': 2.52}
{'loss': 1.9197, 'grad_norm': 0.7760818600654602, 'learning_rate': 4.858018771622878e-05, 'epoch': 2.67}
{'loss': 1.9137, 'grad_norm': 0.6758977770805359, 'learning_rate': 2.7008168304049035e-05, 'epoch': 2.81}
{'loss': 1.9165, 'grad_norm': 0.2788660526275635, 'learning_rate': 5.436148891869295e-06, 'epoch': 2.96}
{'eval_loss': 1.9165005683898926, 'eval_f1_macro': 0.048922277035187194, 'eval_f1_weighted': 0.07075291275922214, 'eval_precision_macro': 0.029514918000395178, 'eval_recall_macro': 0.14285714285714285, 'eval_accuracy': 0.20660442600276624, 'eval_runtime': 511.5904, 'eval_samples_per_second': 11.306, 'eval_steps_per_second': 1.413, 'epoch': 3.0}
{'train_runtime': 2427.5786, 'train_samples_per_second': 33.359, 'train_steps_per_second': 4.171, 'train_loss': 1.9185886260609568, 'epoch': 3.0}
  Model             : Wav2Vec2ForSequenceClassification  (94,570,375 params, 94,570,375 trainable)
{'loss': 1.9045, 'grad_norm': 5.426452159881592, 'learning_rate': 9.47500659739657e-06, 'epoch': 0.07}
{'loss': 1.6546, 'grad_norm': 10.418075561523438, 'learning_rate': 1.8969001183966283e-05, 'epoch': 0.15}
{'loss': 1.4417, 'grad_norm': 3.3110194206237793, 'learning_rate': 2.846299577053599e-05, 'epoch': 0.22}
{'loss': 1.3766, 'grad_norm': 13.568178176879883, 'learning_rate': 3.7956990357105704e-05, 'epoch': 0.3}
{'loss': 1.3752, 'grad_norm': 16.928380966186523, 'learning_rate': 4.745098494367541e-05, 'epoch': 0.37}
{'loss': 1.3586, 'grad_norm': 5.084218978881836, 'learning_rate': 5.6944979530245126e-05, 'epoch': 0.44}
{'loss': 1.4193, 'grad_norm': 9.395634651184082, 'learning_rate': 6.22387015067704e-05, 'epoch': 0.52}
{'loss': 1.343, 'grad_norm': 20.480106353759766, 'learning_rate': 6.038060795808487e-05, 'epoch': 0.59}
{'loss': 1.2671, 'grad_norm': 22.685331344604492, 'learning_rate': 5.852251440939934e-05, 'epoch': 0.67}
{'loss': 1.2222, 'grad_norm': 12.891839027404785, 'learning_rate': 5.666442086071382e-05, 'epoch': 0.74}
{'loss': 1.1419, 'grad_norm': 21.93931770324707, 'learning_rate': 5.4806327312028294e-05, 'epoch': 0.81}
{'loss': 1.1225, 'grad_norm': 42.21455001831055, 'learning_rate': 5.2948233763342764e-05, 'epoch': 0.89}
{'loss': 1.1062, 'grad_norm': 10.63964557647705, 'learning_rate': 5.1090140214657234e-05, 'epoch': 0.96}
{'eval_loss': 1.0514024496078491, 'eval_f1_macro': 0.6240225785670249, 'eval_f1_weighted': 0.6432853735904052, 'eval_precision_macro': 0.6791709654377912, 'eval_recall_macro': 0.627785552564828, 'eval_accuracy': 0.645746887966805, 'eval_runtime': 512.9974, 'eval_samples_per_second': 11.275, 'eval_steps_per_second': 1.409, 'epoch': 1.0}
  Model             : Wav2Vec2ForSequenceClassification  (94,570,375 params, 94,570,375 trainable)
{'loss': 1.9091, 'grad_norm': 5.94773006439209, 'learning_rate': 5.270293776861626e-06, 'epoch': 0.15}
{'loss': 1.6318, 'grad_norm': 13.871541976928711, 'learning_rate': 1.0551149264698926e-05, 'epoch': 0.3}
{'loss': 1.3898, 'grad_norm': 15.19865894317627, 'learning_rate': 1.5832004752536228e-05, 'epoch': 0.44}
{'loss': 1.2001, 'grad_norm': 12.570293426513672, 'learning_rate': 1.7550827095472565e-05, 'epoch': 0.59}
{'loss': 1.0268, 'grad_norm': 26.678272247314453, 'learning_rate': 1.6470909110272434e-05, 'epoch': 0.74}
{'loss': 0.9153, 'grad_norm': 21.245935440063477, 'learning_rate': 1.5390991125072296e-05, 'epoch': 0.89}
{'eval_loss': 0.780954897403717, 'eval_f1_macro': 0.7165743619554392, 'eval_f1_weighted': 0.732997690157616, 'eval_precision_macro': 0.7208342442849471, 'eval_recall_macro': 0.7202145460675329, 'eval_accuracy': 0.7356500691562933, 'eval_runtime': 508.7899, 'eval_samples_per_second': 11.368, 'eval_steps_per_second': 1.421, 'epoch': 1.0}
{'loss': 0.8535, 'grad_norm': 29.35959243774414, 'learning_rate': 1.4311073139872165e-05, 'epoch': 1.04}
{'loss': 0.7247, 'grad_norm': 64.10337829589844, 'learning_rate': 1.3231155154672033e-05, 'epoch': 1.19}
{'loss': 0.6838, 'grad_norm': 15.385108947753906, 'learning_rate': 1.2151237169471898e-05, 'epoch': 1.33}
{'loss': 0.677, 'grad_norm': 46.13934326171875, 'learning_rate': 1.1071319184271766e-05, 'epoch': 1.48}
{'loss': 0.6103, 'grad_norm': 45.28166198730469, 'learning_rate': 9.991401199071633e-06, 'epoch': 1.63}
{'loss': 0.6292, 'grad_norm': 37.362396240234375, 'learning_rate': 8.9114832138715e-06, 'epoch': 1.78}
{'loss': 0.568, 'grad_norm': 22.498462677001953, 'learning_rate': 7.831565228671366e-06, 'epoch': 1.93}
{'eval_loss': 0.6719312071800232, 'eval_f1_macro': 0.7819379955629853, 'eval_f1_weighted': 0.7940432264252325, 'eval_precision_macro': 0.804615995981566, 'eval_recall_macro': 0.7758918147011264, 'eval_accuracy': 0.7923582295988935, 'eval_runtime': 507.1646, 'eval_samples_per_second': 11.405, 'eval_steps_per_second': 1.426, 'epoch': 2.0}
{'loss': 0.515, 'grad_norm': 79.63761901855469, 'learning_rate': 6.751647243471233e-06, 'epoch': 2.07}
{'loss': 0.4199, 'grad_norm': 12.915799140930176, 'learning_rate': 5.6717292582711e-06, 'epoch': 2.22}
{'loss': 0.4125, 'grad_norm': 4.285574436187744, 'learning_rate': 4.5918112730709665e-06, 'epoch': 2.37}
{'loss': 0.4105, 'grad_norm': 28.20555877685547, 'learning_rate': 3.5118932878708334e-06, 'epoch': 2.52}
{'loss': 0.4196, 'grad_norm': 6.999258041381836, 'learning_rate': 2.4319753026707e-06, 'epoch': 2.67}
{'loss': 0.3916, 'grad_norm': 172.75233459472656, 'learning_rate': 1.3520573174705668e-06, 'epoch': 2.81}
{'loss': 0.3633, 'grad_norm': 18.512252807617188, 'learning_rate': 2.721393322704336e-07, 'epoch': 2.96}
{'eval_loss': 0.6033140420913696, 'eval_f1_macro': 0.8273756453193227, 'eval_f1_weighted': 0.8371349277998016, 'eval_precision_macro': 0.8296976684895656, 'eval_recall_macro': 0.8273097140532926, 'eval_accuracy': 0.8378284923928078, 'eval_runtime': 508.5728, 'eval_samples_per_second': 11.373, 'eval_steps_per_second': 1.422, 'epoch': 3.0}
{'train_runtime': 2441.9485, 'train_samples_per_second': 33.163, 'train_steps_per_second': 4.146, 'train_loss': 0.7824813149534626, 'epoch': 3.0}
  Model             : Wav2Vec2ForSequenceClassification  (94,570,375 params, 94,570,375 trainable)
{'loss': 1.7608, 'grad_norm': 5.158868312835693, 'learning_rate': 1.070252162042061e-05, 'epoch': 0.3}
{'loss': 1.302, 'grad_norm': 17.2611141204834, 'learning_rate': 9.530284860243106e-06, 'epoch': 0.59}
{'loss': 1.0338, 'grad_norm': 24.029157638549805, 'learning_rate': 8.358048100065603e-06, 'epoch': 0.89}
{'eval_loss': 0.8999631404876709, 'eval_f1_macro': 0.6799500141748768, 'eval_f1_weighted': 0.6995737683720233, 'eval_precision_macro': 0.6974269556272847, 'eval_recall_macro': 0.6808474732840596, 'eval_accuracy': 0.7028008298755186, 'eval_runtime': 508.2446, 'eval_samples_per_second': 11.38, 'eval_steps_per_second': 1.423, 'epoch': 1.0}
{'loss': 0.869, 'grad_norm': 22.155746459960938, 'learning_rate': 7.185811339888099e-06, 'epoch': 1.18}
{'loss': 0.7679, 'grad_norm': 33.52553176879883, 'learning_rate': 6.013574579710595e-06, 'epoch': 1.48}
{'loss': 0.706, 'grad_norm': 20.4813175201416, 'learning_rate': 4.841337819533092e-06, 'epoch': 1.78}
{'eval_loss': 0.7569701671600342, 'eval_f1_macro': 0.7384908686607934, 'eval_f1_weighted': 0.7523791715575396, 'eval_precision_macro': 0.7632837606221451, 'eval_recall_macro': 0.7327555940469471, 'eval_accuracy': 0.7503457814661134, 'eval_runtime': 523.8984, 'eval_samples_per_second': 11.04, 'eval_steps_per_second': 1.38, 'epoch': 2.0}
  Model             : Wav2Vec2ForSequenceClassification  (94,570,375 params, 94,570,375 trainable)
{'loss': 1.909, 'grad_norm': 2.4476051330566406, 'learning_rate': 3.138853554230181e-05, 'epoch': 0.07}
{'loss': 1.9234, 'grad_norm': 2.2913050651550293, 'learning_rate': 3.059380859419815e-05, 'epoch': 0.15}
{'loss': 1.9192, 'grad_norm': 1.0816333293914795, 'learning_rate': 2.9799081646094505e-05, 'epoch': 0.22}
{'loss': 1.915, 'grad_norm': 1.0046305656433105, 'learning_rate': 2.900435469799085e-05, 'epoch': 0.3}
{'loss': 1.9111, 'grad_norm': 5.229485511779785, 'learning_rate': 2.82096277498872e-05, 'epoch': 0.37}
{'loss': 1.9214, 'grad_norm': 2.1851730346679688, 'learning_rate': 2.741490080178355e-05, 'epoch': 0.44}
{'loss': 1.9223, 'grad_norm': 1.8988757133483887, 'learning_rate': 2.6620173853679902e-05, 'epoch': 0.52}
{'loss': 1.9223, 'grad_norm': 1.4355146884918213, 'learning_rate': 2.5825446905576247e-05, 'epoch': 0.59}
{'loss': 1.9174, 'grad_norm': 1.3140374422073364, 'learning_rate': 2.5030719957472595e-05, 'epoch': 0.67}
{'loss': 1.926, 'grad_norm': 1.5493539571762085, 'learning_rate': 2.4235993009368947e-05, 'epoch': 0.74}
{'loss': 1.9042, 'grad_norm': 0.785314679145813, 'learning_rate': 2.3441266061265296e-05, 'epoch': 0.81}
{'loss': 1.9112, 'grad_norm': 1.419128656387329, 'learning_rate': 2.2646539113161644e-05, 'epoch': 0.89}
{'loss': 1.9146, 'grad_norm': 1.9306540489196777, 'learning_rate': 2.1851812165057993e-05, 'epoch': 0.96}
{'eval_loss': 1.9184298515319824, 'eval_f1_macro': 0.048922277035187194, 'eval_f1_weighted': 0.07075291275922214, 'eval_precision_macro': 0.029514918000395178, 'eval_recall_macro': 0.14285714285714285, 'eval_accuracy': 0.20660442600276624, 'eval_runtime': 513.6121, 'eval_samples_per_second': 11.261, 'eval_steps_per_second': 1.408, 'epoch': 1.0}
  Model             : Wav2Vec2ForSequenceClassification  (94,570,375 params, 94,570,375 trainable)
{'loss': 1.7347, 'grad_norm': 3.9406635761260986, 'learning_rate': 2.4199075640176654e-05, 'epoch': 0.3}
{'loss': 1.2681, 'grad_norm': 16.957651138305664, 'learning_rate': 4.8446646421916785e-05, 'epoch': 0.59}
{'loss': 1.0018, 'grad_norm': 16.054065704345703, 'learning_rate': 4.307203538987302e-05, 'epoch': 0.89}
{'eval_loss': 0.82804936170578, 'eval_f1_macro': 0.7015277381530672, 'eval_f1_weighted': 0.7159628743015348, 'eval_precision_macro': 0.7164144055761235, 'eval_recall_macro': 0.704033403158939, 'eval_accuracy': 0.7159405255878285, 'eval_runtime': 511.3434, 'eval_samples_per_second': 11.311, 'eval_steps_per_second': 1.414, 'epoch': 1.0}
{'loss': 0.8062, 'grad_norm': 10.044859886169434, 'learning_rate': 3.703107670966643e-05, 'epoch': 1.18}
{'loss': 0.6889, 'grad_norm': 8.070704460144043, 'learning_rate': 3.099011802945983e-05, 'epoch': 1.48}
{'loss': 0.6171, 'grad_norm': 15.683876991271973, 'learning_rate': 2.4949159349253235e-05, 'epoch': 1.78}
{'eval_loss': 0.6127162575721741, 'eval_f1_macro': 0.7822091578760629, 'eval_f1_weighted': 0.7933567091492225, 'eval_precision_macro': 0.8014915801477643, 'eval_recall_macro': 0.7769182914515225, 'eval_accuracy': 0.7951244813278008, 'eval_runtime': 506.5456, 'eval_samples_per_second': 11.419, 'eval_steps_per_second': 1.427, 'epoch': 2.0}
  Model             : Wav2Vec2ForSequenceClassification  (94,570,375 params, 94,570,375 trainable)
{'loss': 1.7919, 'grad_norm': 18.768198013305664, 'learning_rate': 1.403829584901747e-05, 'epoch': 0.3}
{'loss': 1.3352, 'grad_norm': 20.468719482421875, 'learning_rate': 2.7303185864500957e-05, 'epoch': 0.59}
{'loss': 1.0114, 'grad_norm': 20.889625549316406, 'learning_rate': 2.3944860419912893e-05, 'epoch': 0.89}
{'eval_loss': 0.8533198833465576, 'eval_f1_macro': 0.6852246581671927, 'eval_f1_weighted': 0.7051101581429827, 'eval_precision_macro': 0.7306322672162501, 'eval_recall_macro': 0.68156616305577, 'eval_accuracy': 0.7104080221300139, 'eval_runtime': 509.9119, 'eval_samples_per_second': 11.343, 'eval_steps_per_second': 1.418, 'epoch': 1.0}
{'loss': 0.7992, 'grad_norm': 32.1234130859375, 'learning_rate': 2.058653497532483e-05, 'epoch': 1.18}
{'loss': 0.6836, 'grad_norm': 16.212108612060547, 'learning_rate': 1.7228209530736767e-05, 'epoch': 1.48}
{'loss': 0.6176, 'grad_norm': 16.575254440307617, 'learning_rate': 1.3869884086148701e-05, 'epoch': 1.78}
{'eval_loss': 0.5952941179275513, 'eval_f1_macro': 0.7927647101770505, 'eval_f1_weighted': 0.8041669982257799, 'eval_precision_macro': 0.8095435539577298, 'eval_recall_macro': 0.7896615622921794, 'eval_accuracy': 0.8054979253112033, 'eval_runtime': 468.3802, 'eval_samples_per_second': 12.349, 'eval_steps_per_second': 1.544, 'epoch': 2.0}
{'loss': 0.5412, 'grad_norm': 8.558877944946289, 'learning_rate': 1.0511558641560638e-05, 'epoch': 2.07}
{'loss': 0.4046, 'grad_norm': 28.236404418945312, 'learning_rate': 7.153233196972574e-06, 'epoch': 2.37}
{'loss': 0.3824, 'grad_norm': 26.757522583007812, 'learning_rate': 3.794907752384512e-06, 'epoch': 2.67}
{'loss': 0.3524, 'grad_norm': 1.5077309608459473, 'learning_rate': 4.365823077964482e-07, 'epoch': 2.96}
{'eval_loss': 0.5083820819854736, 'eval_f1_macro': 0.8361072645717387, 'eval_f1_weighted': 0.845006398352924, 'eval_precision_macro': 0.8379759399740284, 'eval_recall_macro': 0.8357276121939439, 'eval_accuracy': 0.845954356846473, 'eval_runtime': 516.736, 'eval_samples_per_second': 11.193, 'eval_steps_per_second': 1.399, 'epoch': 3.0}
{'train_runtime': 2263.7537, 'train_samples_per_second': 35.773, 'train_steps_per_second': 2.237, 'train_loss': 0.7861589541744094, 'epoch': 3.0}
  Model             : Wav2Vec2ForSequenceClassification  (94,570,375 params, 94,570,375 trainable)
{'loss': 1.9237, 'grad_norm': 4.31058931350708, 'learning_rate': 4.9872481457806196e-06, 'epoch': 0.07}
{'loss': 1.7372, 'grad_norm': 12.411344528198242, 'learning_rate': 9.984490776823326e-06, 'epoch': 0.15}
{'loss': 1.5352, 'grad_norm': 10.848426818847656, 'learning_rate': 1.498173340786603e-05, 'epoch': 0.22}
{'loss': 1.3964, 'grad_norm': 22.857730865478516, 'learning_rate': 1.9978976038908737e-05, 'epoch': 0.3}
{'loss': 1.3317, 'grad_norm': 13.077225685119629, 'learning_rate': 2.4976218669951442e-05, 'epoch': 0.37}
{'loss': 1.2438, 'grad_norm': 16.858421325683594, 'learning_rate': 2.515186061925168e-05, 'epoch': 0.44}
{'loss': 1.1878, 'grad_norm': 16.83346939086914, 'learning_rate': 2.4422736644899533e-05, 'epoch': 0.52}
{'loss': 1.1057, 'grad_norm': 17.42961311340332, 'learning_rate': 2.3693612670547384e-05, 'epoch': 0.59}
{'loss': 1.028, 'grad_norm': 61.07495880126953, 'learning_rate': 2.296448869619524e-05, 'epoch': 0.67}
{'loss': 0.9728, 'grad_norm': 32.744232177734375, 'learning_rate': 2.223536472184309e-05, 'epoch': 0.74}
{'loss': 0.937, 'grad_norm': 8.512882232666016, 'learning_rate': 2.150624074749094e-05, 'epoch': 0.81}
{'loss': 0.8922, 'grad_norm': 15.6483793258667, 'learning_rate': 2.0777116773138794e-05, 'epoch': 0.89}
{'loss': 0.9109, 'grad_norm': 30.921695709228516, 'learning_rate': 2.004799279878665e-05, 'epoch': 0.96}
{'eval_loss': 0.9130496382713318, 'eval_f1_macro': 0.6714773925364345, 'eval_f1_weighted': 0.6863118566113903, 'eval_precision_macro': 0.7092040028582459, 'eval_recall_macro': 0.6811315121627367, 'eval_accuracy': 0.697268326417704, 'eval_runtime': 453.7715, 'eval_samples_per_second': 12.747, 'eval_steps_per_second': 1.593, 'epoch': 1.0}
  Model             : Wav2Vec2ForSequenceClassification  (94,570,375 params, 94,570,375 trainable)
{'loss': 1.8363, 'grad_norm': 3.703885078430176, 'learning_rate': 1.0093634896343176e-05, 'epoch': 0.3}
{'loss': 1.4089, 'grad_norm': 19.939729690551758, 'learning_rate': 2.0207497517929525e-05, 'epoch': 0.59}
{'loss': 1.048, 'grad_norm': 19.858667373657227, 'learning_rate': 1.8010163518710164e-05, 'epoch': 0.89}
{'eval_loss': 0.8328630328178406, 'eval_f1_macro': 0.706488117605656, 'eval_f1_weighted': 0.7231532982292858, 'eval_precision_macro': 0.7174305190968168, 'eval_recall_macro': 0.7065313995128971, 'eval_accuracy': 0.7233748271092669, 'eval_runtime': 504.1292, 'eval_samples_per_second': 11.473, 'eval_steps_per_second': 1.434, 'epoch': 1.0}
{'loss': 0.8384, 'grad_norm': 17.07028579711914, 'learning_rate': 1.54841938807424e-05, 'epoch': 1.18}
{'loss': 0.7087, 'grad_norm': 25.841398239135742, 'learning_rate': 1.2958224242774635e-05, 'epoch': 1.48}
{'loss': 0.6551, 'grad_norm': 18.358430862426758, 'learning_rate': 1.043225460480687e-05, 'epoch': 1.78}
{'eval_loss': 0.636467456817627, 'eval_f1_macro': 0.7757257688492644, 'eval_f1_weighted': 0.7885618331431035, 'eval_precision_macro': 0.7967006250297388, 'eval_recall_macro': 0.7699327685349688, 'eval_accuracy': 0.7894190871369294, 'eval_runtime': 510.9674, 'eval_samples_per_second': 11.32, 'eval_steps_per_second': 1.415, 'epoch': 2.0}
  Model             : Wav2Vec2ForSequenceClassification  (94,570,375 params, 94,570,375 trainable)
{'loss': 1.9163, 'grad_norm': 3.507326126098633, 'learning_rate': 7.57877715398763e-06, 'epoch': 0.07}
{'loss': 1.6799, 'grad_norm': 26.334535598754883, 'learning_rate': 1.517274223814357e-05, 'epoch': 0.15}
{'loss': 1.4549, 'grad_norm': 5.164008140563965, 'learning_rate': 2.2766707322299512e-05, 'epoch': 0.22}
{'loss': 1.3604, 'grad_norm': 18.09937858581543, 'learning_rate': 3.0360672406455454e-05, 'epoch': 0.3}
{'loss': 1.34, 'grad_norm': 25.022212982177734, 'learning_rate': 3.7954637490611395e-05, 'epoch': 0.37}
{'loss': 1.2864, 'grad_norm': 25.95134162902832, 'learning_rate': 3.922727219392421e-05, 'epoch': 0.44}
{'loss': 1.2053, 'grad_norm': 17.563203811645508, 'learning_rate': 3.8090117967523346e-05, 'epoch': 0.52}
{'loss': 1.1633, 'grad_norm': 40.43145751953125, 'learning_rate': 3.6952963741122484e-05, 'epoch': 0.59}
{'loss': 1.0689, 'grad_norm': 64.68740844726562, 'learning_rate': 3.581580951472162e-05, 'epoch': 0.67}
{'loss': 1.0678, 'grad_norm': 24.738069534301758, 'learning_rate': 3.467865528832075e-05, 'epoch': 0.74}
{'loss': 1.0384, 'grad_norm': 22.577899932861328, 'learning_rate': 3.354150106191989e-05, 'epoch': 0.81}
{'loss': 1.0032, 'grad_norm': 87.90629577636719, 'learning_rate': 3.240434683551903e-05, 'epoch': 0.89}
{'loss': 0.9491, 'grad_norm': 75.47055053710938, 'learning_rate': 3.126719260911816e-05, 'epoch': 0.96}
{'eval_loss': 0.9590728282928467, 'eval_f1_macro': 0.6765553784048367, 'eval_f1_weighted': 0.6953502231825099, 'eval_precision_macro': 0.7005916118501468, 'eval_recall_macro': 0.670377310879494, 'eval_accuracy': 0.6996887966804979, 'eval_runtime': 508.5985, 'eval_samples_per_second': 11.372, 'eval_steps_per_second': 1.422, 'epoch': 1.0}
  Model             : Wav2Vec2ForSequenceClassification  (94,570,375 params, 94,570,375 trainable)

============================= JOB FEEDBACK =============================

NodeName=uc2n905
Job ID: 5816619
Cluster: uc3
User/Group: tu_zxoqp65/tu_tu
State: TIMEOUT (exit code 0)
Nodes: 1
Cores per node: 32
CPU Utilized: 00:00:00
CPU Efficiency: 0.00% of 10-16:15:28 core-walltime
Job Wall-clock time: 08:00:29
Memory Utilized: 25.79 GB
Memory Efficiency: 5.18% of 498.05 GB (498.05 GB/node)
