============================================
Emotion Recognition Pipeline
============================================
Job ID    : 5792376
Node      : uc2n904
Start time: Sun Jul  5 08:54:38 PM CEST 2026

Loading modules...
CUDA Home : /opt/bwhpc/common/devel/cuda/12.8
Python    : /opt/bwhpc/common/devel/python/3.13.3_llvm_19.1/bin/python

Setting up project environment...
Python isolation enforced:
  PYTHONNOUSERSITE=1
  VIRTUAL_ENV=/home/tu/tu_tu/tu_zxoqp65/work/asp-project/.venv
  Python used: /opt/bwhpc/common/devel/python/3.13.3_llvm_19.1/bin/python

GPU info:
0, NVIDIA A100 80GB PCIe, 81920 MiB, 81126 MiB
1, NVIDIA A100 80GB PCIe, 81920 MiB, 81126 MiB
2, NVIDIA A100 80GB PCIe, 81920 MiB, 81126 MiB
3, NVIDIA A100 80GB PCIe, 81920 MiB, 81126 MiB

============================================
Stage 1: Optuna HPO (1 GPU, 20 trials each)
============================================


Stage 1 exit code: 1
Stage 1 (HPO) failed. Aborting.

============================= JOB FEEDBACK =============================

NodeName=uc2n904
Job ID: 5792376
Cluster: uc3
User/Group: tu_zxoqp65/tu_tu
State: FAILED (exit code 1)
Nodes: 1
Cores per node: 32
CPU Utilized: 00:00:01
CPU Efficiency: 0.22% of 00:07:28 core-walltime
Job Wall-clock time: 00:00:14
Memory Utilized: 34.86 MB
Memory Efficiency: 0.01% of 498.05 GB (498.05 GB/node)
